Archive member included to satisfy reference by file (symbol)

../Lab2_Audio_bsp/\libhal_bsp.a(alt_load.o)
                              ../Lab2_Audio_bsp//obj/HAL/src/crt0.o (alt_load)
../Lab2_Audio_bsp/\libhal_bsp.a(alt_main.o)
                              ../Lab2_Audio_bsp//obj/HAL/src/crt0.o (alt_main)
../Lab2_Audio_bsp/\libhal_bsp.a(alt_printf.o)
                              obj/default/hello_world.o (alt_printf)
../Lab2_Audio_bsp/\libhal_bsp.a(alt_putchar.o)
                              ../Lab2_Audio_bsp/\libhal_bsp.a(alt_printf.o) (alt_putchar)
../Lab2_Audio_bsp/\libhal_bsp.a(alt_sys_init.o)
                              ../Lab2_Audio_bsp/\libhal_bsp.a(alt_main.o) (alt_irq_init)
../Lab2_Audio_bsp/\libhal_bsp.a(altera_avalon_jtag_uart_fd.o)
                              ../Lab2_Audio_bsp/\libhal_bsp.a(alt_sys_init.o) (altera_avalon_jtag_uart_read_fd)
../Lab2_Audio_bsp/\libhal_bsp.a(altera_avalon_jtag_uart_read.o)
                              ../Lab2_Audio_bsp/\libhal_bsp.a(altera_avalon_jtag_uart_fd.o) (altera_avalon_jtag_uart_read)
../Lab2_Audio_bsp/\libhal_bsp.a(altera_avalon_jtag_uart_write.o)
                              ../Lab2_Audio_bsp/\libhal_bsp.a(altera_avalon_jtag_uart_fd.o) (altera_avalon_jtag_uart_write)
../Lab2_Audio_bsp/\libhal_bsp.a(altera_avalon_lcd_16207.o)
                              ../Lab2_Audio_bsp/\libhal_bsp.a(alt_sys_init.o) (altera_avalon_lcd_16207_init)
../Lab2_Audio_bsp/\libhal_bsp.a(altera_avalon_lcd_16207_fd.o)
                              ../Lab2_Audio_bsp/\libhal_bsp.a(alt_sys_init.o) (altera_avalon_lcd_16207_write_fd)
../Lab2_Audio_bsp/\libhal_bsp.a(altera_avalon_timer_sc.o)
                              ../Lab2_Audio_bsp/\libhal_bsp.a(alt_sys_init.o) (alt_avalon_timer_sc_init)
../Lab2_Audio_bsp/\libhal_bsp.a(altera_avalon_uart_fd.o)
                              ../Lab2_Audio_bsp/\libhal_bsp.a(alt_sys_init.o) (altera_avalon_uart_read_fd)
../Lab2_Audio_bsp/\libhal_bsp.a(altera_avalon_uart_init.o)
                              ../Lab2_Audio_bsp/\libhal_bsp.a(alt_sys_init.o) (altera_avalon_uart_init)
../Lab2_Audio_bsp/\libhal_bsp.a(altera_avalon_uart_read.o)
                              ../Lab2_Audio_bsp/\libhal_bsp.a(altera_avalon_uart_fd.o) (altera_avalon_uart_read)
../Lab2_Audio_bsp/\libhal_bsp.a(altera_avalon_uart_write.o)
                              ../Lab2_Audio_bsp/\libhal_bsp.a(altera_avalon_uart_fd.o) (altera_avalon_uart_write)
../Lab2_Audio_bsp/\libhal_bsp.a(altera_up_avalon_audio.o)
                              obj/default/hello_world.o (alt_up_audio_open_dev)
../Lab2_Audio_bsp/\libhal_bsp.a(alt_alarm_start.o)
                              ../Lab2_Audio_bsp/\libhal_bsp.a(altera_avalon_lcd_16207.o) (alt_alarm_start)
../Lab2_Audio_bsp/\libhal_bsp.a(alt_close.o)
                              ../Lab2_Audio_bsp/\libhal_bsp.a(alt_main.o) (close)
../Lab2_Audio_bsp/\libhal_bsp.a(alt_dcache_flush_all.o)
                              ../Lab2_Audio_bsp/\libhal_bsp.a(alt_load.o) (alt_dcache_flush_all)
../Lab2_Audio_bsp/\libhal_bsp.a(alt_dev.o)
                              ../Lab2_Audio_bsp/\libhal_bsp.a(alt_sys_init.o) (alt_dev_list)
../Lab2_Audio_bsp/\libhal_bsp.a(alt_dev_llist_insert.o)
                              ../Lab2_Audio_bsp/\libhal_bsp.a(alt_sys_init.o) (alt_dev_llist_insert)
../Lab2_Audio_bsp/\libhal_bsp.a(alt_do_ctors.o)
                              ../Lab2_Audio_bsp/\libhal_bsp.a(alt_main.o) (_do_ctors)
../Lab2_Audio_bsp/\libhal_bsp.a(alt_do_dtors.o)
                              ../Lab2_Audio_bsp/\libhal_bsp.a(alt_main.o) (_do_dtors)
../Lab2_Audio_bsp/\libhal_bsp.a(alt_errno.o)
                              ../Lab2_Audio_bsp/\libhal_bsp.a(altera_avalon_uart_read.o) (alt_errno)
../Lab2_Audio_bsp/\libhal_bsp.a(alt_find_dev.o)
                              ../Lab2_Audio_bsp/\libhal_bsp.a(altera_up_avalon_audio.o) (alt_find_dev)
../Lab2_Audio_bsp/\libhal_bsp.a(alt_icache_flush_all.o)
                              ../Lab2_Audio_bsp/\libhal_bsp.a(alt_load.o) (alt_icache_flush_all)
../Lab2_Audio_bsp/\libhal_bsp.a(alt_io_redirect.o)
                              ../Lab2_Audio_bsp/\libhal_bsp.a(alt_main.o) (alt_io_redirect)
../Lab2_Audio_bsp/\libhal_bsp.a(alt_irq_register.o)
                              ../Lab2_Audio_bsp/\libhal_bsp.a(altera_avalon_timer_sc.o) (alt_irq_register)
../Lab2_Audio_bsp/\libhal_bsp.a(alt_irq_vars.o)
                              ../Lab2_Audio_bsp/\libhal_bsp.a(alt_irq_register.o) (alt_irq_active)
../Lab2_Audio_bsp/\libhal_bsp.a(alt_open.o)
                              ../Lab2_Audio_bsp/\libhal_bsp.a(alt_io_redirect.o) (open)
../Lab2_Audio_bsp/\libhal_bsp.a(alt_release_fd.o)
                              ../Lab2_Audio_bsp/\libhal_bsp.a(alt_close.o) (alt_release_fd)
../Lab2_Audio_bsp/\libhal_bsp.a(alt_tick.o)
                              ../Lab2_Audio_bsp/\libhal_bsp.a(altera_avalon_lcd_16207.o) (_alt_tick_rate)
../Lab2_Audio_bsp/\libhal_bsp.a(alt_usleep.o)
[...]
Memory Configuration

Name             Origin             Length             Attributes
reset            0x0000000000800000 0x0000000000000020
sdram_0          0x0000000000800020 0x00000000007fffe0
*default*        0x0000000000000000 0xffffffffffffffff

Linker script and memory map

LOAD ../Lab2_Audio_bsp//obj/HAL/src/crt0.o
LOAD obj/default/hello_world.o
LOAD c:/software/altera/18.1/nios2eds/bin/gnu/h-x86_64-mingw32/bin/../lib/gcc/nios2-elf/5.3.0/../../../../../H-x86_64-mingw32/nios2-elf/lib\libstdc++.a
LOAD c:/software/altera/18.1/nios2eds/bin/gnu/h-x86_64-mingw32/bin/../lib/gcc/nios2-elf/5.3.0/../../../../../H-x86_64-mingw32/nios2-elf/lib\libm.a
LOAD c:/software/altera/18.1/nios2eds/bin/gnu/h-x86_64-mingw32/bin/../lib/gcc/nios2-elf/5.3.0\libgcc.a
START GROUP
LOAD c:/software/altera/18.1/nios2eds/bin/gnu/h-x86_64-mingw32/bin/../lib/gcc/nios2-elf/5.3.0/../../../../../H-x86_64-mingw32/nios2-elf/lib\libc.a
LOAD c:/software/altera/18.1/nios2eds/bin/gnu/h-x86_64-mingw32/bin/../lib/gcc/nios2-elf/5.3.0\libgcc.a
LOAD ../Lab2_Audio_bsp/\libhal_bsp.a
LOAD c:/software/altera/18.1/nios2eds/bin/gnu/h-x86_64-mingw32/bin/../lib/gcc/nios2-elf/5.3.0/../../../../../H-x86_64-mingw32/nios2-elf/lib\libm.a
END GROUP
LOAD c:/software/altera/18.1/nios2eds/bin/gnu/h-x86_64-mingw32/bin/../lib/gcc/nios2-elf/5.3.0\libgcc.a
                0x0000000000800000                __alt_mem_sdram_0 = 0x800000

.entry          0x0000000000800000       0x20
 *(.entry)
 .entry         0x0000000000800000       0x20 ../Lab2_Audio_bsp//obj/HAL/src/crt0.o
                0x0000000000800000                __reset

.exceptions     0x0000000000800020      0x228
                0x0000000000800020                PROVIDE (__ram_exceptions_start, ABSOLUTE (.))
                0x0000000000800020                . = ALIGN (0x20)
 *(.irq)
 *(.exceptions.entry.label)
 .exceptions.entry.label
                0x0000000000800020        0x0 ../Lab2_Audio_bsp/\libhal_bsp.a(alt_irq_entry.o)
                0x0000000000800020                alt_irq_entry
 .exceptions.entry.label
                0x0000000000800020        0x0 ../Lab2_Audio_bsp/\libhal_bsp.a(alt_exception_entry.o)
                0x0000000000800020                alt_exception
 *(.exceptions.entry.user)
 *(.exceptions.entry.ecc_fatal)
 *(.exceptions.entry)
 .exceptions.entry
                0x0000000000800020       0x54 ../Lab2_Audio_bsp/\libhal_bsp.a(alt_exception_entry.o)
 *(.exceptions.irqtest.user)
 *(.exceptions.irqtest)
 .exceptions.irqtest
                0x0000000000800074       0x10 ../Lab2_Audio_bsp/\libhal_bsp.a(alt_irq_entry.o)
 *(.exceptions.irqhandler.user)
 *(.exceptions.irqhandler)
 .exceptions.irqhandler
                0x0000000000800084        0x4 ../Lab2_Audio_bsp/\libhal_bsp.a(alt_irq_entry.o)
 *(.exceptions.irqreturn.user)
 *(.exceptions.irqreturn)
 .exceptions.irqreturn
                0x0000000000800088        0x4 ../Lab2_Audio_bsp/\libhal_bsp.a(alt_irq_entry.o)
 *(.exceptions.notirq.label)
 .exceptions.notirq.label
                0x000000000080008c        0x0 ../Lab2_Audio_bsp/\libhal_bsp.a(alt_irq_entry.o)
 *(.exceptions.notirq.user)
 *(.exceptions.notirq)
 .exceptions.notirq
                0x000000000080008c        0x8 ../Lab2_Audio_bsp/\libhal_bsp.a(alt_exception_entry.o)
 *(.exceptions.soft.user)
 *(.exceptions.soft)
 *(.exceptions.unknown.user)
 *(.exceptions.unknown)
 .exceptions.unknown
                0x0000000000800094       0x14 ../Lab2_Audio_bsp/\libhal_bsp.a(alt_exception_entry.o)
 *(.exceptions.exit.label)
 .exceptions.exit.label
                0x00000000008000a8        0x0 ../Lab2_Audio_bsp/\libhal_bsp.a(alt_irq_entry.o)
 .exceptions.exit.label
                0x00000000008000a8        0x0 ../Lab2_Audio_bsp/\libhal_bsp.a(alt_exception_entry.o)
 *(.exceptions.exit.user)
 *(.exceptions.exit)
 .exceptions.exit
                0x00000000008000a8       0x54 ../Lab2_Audio_bsp/\libhal_bsp.a(alt_exception_entry.o)
 *(.exceptions)
 .exceptions    0x00000000008000fc       0xd8 ../Lab2_Audio_bsp/\libhal_bsp.a(alt_irq_handler.o)
                0x00000000008000fc                alt_irq_handler
 .exceptions    0x00000000008001d4       0x74 ../Lab2_Audio_bsp/\libhal_bsp.a(alt_instruction_exception_entry.o)
                0x00000000008001d4                alt_instruction_exception_entry
                0x0000000000800248                PROVIDE (__ram_exceptions_end, ABSOLUTE (.))
                0x0000000000800020                PROVIDE (__flash_exceptions_start, LOADADDR (.exceptions))

.text           0x0000000000800248     0x6648
                [!provide]                        PROVIDE (stext, ABSOLUTE (.))
 *(.interp)
 *(.hash)
 *(.dynsym)
 *(.dynstr)
 *(.gnu.version)
 *(.gnu.version_d)
 *(.gnu.version_r)
 *(.rel.init)
 *(.rela.init)
 *(.rel.text .rel.text.* .rel.gnu.linkonce.t.*)
 *(.rela.text .rela.text.* .rela.gnu.linkonce.t.*)
 *(.rel.fini)
 *(.rela.fini)
 *(.rel.rodata .rel.rodata.* .rel.gnu.linkonce.r.*)
 *(.rela.rodata .rela.rodata.* .rela.gnu.linkonce.r.*)
 *(.rel.data .rel.data.* .rel.gnu.linkonce.d.*)
 *(.rela.data .rela.data.* .rela.gnu.linkonce.d.*)
 *(.rel.tdata .rel.tdata.* .rel.gnu.linkonce.td.*)
 *(.rela.tdata .rela.tdata.* .rela.gnu.linkonce.td.*)
 *(.rel.tbss .rel.tbss.* .rel.gnu.linkonce.tb.*)
 *(.rela.tbss .rela.tbss.* .rela.gnu.linkonce.tb.*)
 *(.rel.ctors)
 *(.rela.ctors)
 *(.rel.dtors)
 *(.rela.dtors)
 *(.rel.got)
 *(.rela.got)
 *(.rel.sdata .rel.sdata.* .rel.gnu.linkonce.s.*)
 *(.rela.sdata .rela.sdata.* .rela.gnu.linkonce.s.*)
 *(.rel.sbss .rel.sbss.* .rel.gnu.linkonce.sb.*)
 *(.rela.sbss .rela.sbss.* .rela.gnu.linkonce.sb.*)
 *(.rel.sdata2 .rel.sdata2.* .rel.gnu.linkonce.s2.*)
 *(.rela.sdata2 .rela.sdata2.* .rela.gnu.linkonce.s2.*)
 *(.rel.sbss2 .rel.sbss2.* .rel.gnu.linkonce.sb2.*)
 *(.rela.sbss2 .rela.sbss2.* .rela.gnu.linkonce.sb2.*)
 *(.rel.bss .rel.bss.* .rel.gnu.linkonce.b.*)
 *(.rela.bss .rela.bss.* .rela.gnu.linkonce.b.*)
 *(.rel.plt)
 *(.rela.plt)
 *(.rel.dyn)
 *(.init)
 *(.plt)
 *(.text .stub .text.* .gnu.linkonce.t.*)
 .text          0x0000000000800248       0x4c ../Lab2_Audio_bsp//obj/HAL/src/crt0.o
                0x0000000000800248                _start
 .text          0x0000000000800294       0xc0 obj/default/hello_world.o
                0x0000000000800294                main
 .text          0x0000000000800354       0xec ../Lab2_Audio_bsp/\libhal_bsp.a(alt_load.o)
                0x00000000008003bc                alt_load
 .text          0x0000000000800440       0x7c ../Lab2_Audio_bsp/\libhal_bsp.a(alt_main.o)
                0x0000000000800440                alt_main
 .text          0x00000000008004bc      0x22c ../Lab2_Audio_bsp/\libhal_bsp.a(alt_printf.o)
                0x00000000008004bc                alt_printf
 .text          0x00000000008006e8       0x3c ../Lab2_Audio_bsp/\libhal_bsp.a(alt_putchar.o)
                0x00000000008006e8                alt_putchar
 .text          0x0000000000800724      0x10c ../Lab2_Audio_bsp/\libhal_bsp.a(alt_sys_init.o)
                0x0000000000800758                alt_irq_init
                0x0000000000800790                alt_sys_init
 .text          0x0000000000800830       0xc0 ../Lab2_Audio_bsp/\libhal_bsp.a(altera_avalon_jtag_uart_fd.o)
                0x0000000000800830                altera_avalon_jtag_uart_read_fd
                0x0000000000800890                altera_avalon_jtag_uart_write_fd
 .text          0x00000000008008f0       0xec ../Lab2_Audio_bsp/\libhal_bsp.a(altera_avalon_jtag_uart_read.o)
                0x00000000008008f0                altera_avalon_jtag_uart_read
 .text          0x00000000008009dc       0x94 ../Lab2_Audio_bsp/\libhal_bsp.a(altera_avalon_jtag_uart_write.o)
                0x00000000008009dc                altera_avalon_jtag_uart_write
 .text          0x0000000000800a70      0xe7c ../Lab2_Audio_bsp/\libhal_bsp.a(altera_avalon_lcd_16207.o)
                0x0000000000801234                altera_avalon_lcd_16207_write
                0x00000000008017b8                altera_avalon_lcd_16207_init
 .text          0x00000000008018ec       0x60 ../Lab2_Audio_bsp/\libhal_bsp.a(altera_avalon_lcd_16207_fd.o)
                0x00000000008018ec                altera_avalon_lcd_16207_write_fd
 .text          0x000000000080194c       0xf0 ../Lab2_Audio_bsp/\libhal_bsp.a(altera_avalon_timer_sc.o)
                0x00000000008019c8                alt_avalon_timer_sc_init
 .text          0x0000000000801a3c      0x110 ../Lab2_Audio_bsp/\libhal_bsp.a(altera_avalon_uart_fd.o)
                0x0000000000801a3c                altera_avalon_uart_read_fd
                0x0000000000801a9c                altera_avalon_uart_write_fd
                0x0000000000801afc                altera_avalon_uart_close_fd
 .text          0x0000000000801b4c      0x3c4 ../Lab2_Audio_bsp/\libhal_bsp.a(altera_avalon_uart_init.o)
                0x0000000000801b4c                altera_avalon_uart_init
                0x0000000000801ebc                altera_avalon_uart_close
 .text          0x0000000000801f10      0x218 ../Lab2_Audio_bsp/\libhal_bsp.a(altera_avalon_uart_read.o)
                0x0000000000801f4c                altera_avalon_uart_read
 .text          0x0000000000802128      0x1e8 ../Lab2_Audio_bsp/\libhal_bsp.a(altera_avalon_uart_write.o)
                0x0000000000802164                altera_avalon_uart_write
 .text          0x0000000000802310      0x7a8 ../Lab2_Audio_bsp/\libhal_bsp.a(altera_up_avalon_audio.o)
                0x0000000000802310                alt_up_audio_open_dev
                0x000000000080234c                alt_up_audio_enable_read_interrupt
                0x00000000008023a0                alt_up_audio_disable_read_interrupt
                0x00000000008023f8                alt_up_audio_enable_write_interrupt
                0x000000000080244c                alt_up_audio_disable_write_interrupt
                0x00000000008024a4                alt_up_audio_read_interrupt_pending
                0x00000000008024e4                alt_up_audio_write_interrupt_pending
                0x0000000000802524                alt_up_audio_reset_audio_core
                0x00000000008025b8                alt_up_audio_read_fifo_avail
                0x0000000000802618                alt_up_audio_record_r
                0x0000000000802680                alt_up_audio_record_l
                0x00000000008026e8                alt_up_audio_write_fifo_space
                0x0000000000802748                alt_up_audio_play_r
                0x00000000008027b0                alt_up_audio_play_l
                0x0000000000802818                alt_up_audio_read_fifo
                0x00000000008028f8                alt_up_audio_write_fifo
                0x0000000000802a00                alt_up_audio_read_fifo_head
                0x0000000000802a50                alt_up_audio_write_fifo_head
 .text          0x0000000000802ab8      0x12c ../Lab2_Audio_bsp/\libhal_bsp.a(alt_alarm_start.o)
                0x0000000000802ab8                alt_alarm_start
 .text          0x0000000000802be4      0x10c ../Lab2_Audio_bsp/\libhal_bsp.a(alt_close.o)
                0x0000000000802c20                close
 .text          0x0000000000802cf0       0x48 ../Lab2_Audio_bsp/\libhal_bsp.a(alt_dcache_flush_all.o)
                0x0000000000802cf0                alt_dcache_flush_all
 .text          0x0000000000802d38       0x2c ../Lab2_Audio_bsp/\libhal_bsp.a(alt_dev.o)
 .text          0x0000000000802d64       0xe0 ../Lab2_Audio_bsp/\libhal_bsp.a(alt_dev_llist_insert.o)
                0x0000000000802da0                alt_dev_llist_insert
 .text          0x0000000000802e44       0x60 ../Lab2_Audio_bsp/\libhal_bsp.a(alt_do_ctors.o)
                0x0000000000802e44                _do_ctors
 .text          0x0000000000802ea4       0x60 ../Lab2_Audio_bsp/\libhal_bsp.a(alt_do_dtors.o)
                0x0000000000802ea4                _do_dtors
 .text          0x0000000000802f04        0x0 ../Lab2_Audio_bsp/\libhal_bsp.a(alt_errno.o)
 .text          0x0000000000802f04       0x90 ../Lab2_Audio_bsp/\libhal_bsp.a(alt_find_dev.o)
                0x0000000000802f04                alt_find_dev
 .text          0x0000000000802f94       0x34 ../Lab2_Audio_bsp/\libhal_bsp.a(alt_icache_flush_all.o)
                0x0000000000802f94                alt_icache_flush_all
 .text          0x0000000000802fc8      0x140 ../Lab2_Audio_bsp/\libhal_bsp.a(alt_io_redirect.o)
                0x000000000080308c                alt_io_redirect
 .text          0x0000000000803108      0x180 ../Lab2_Audio_bsp/\libhal_bsp.a(alt_irq_register.o)
                0x0000000000803108                alt_irq_register
 .text          0x0000000000803288        0x0 ../Lab2_Audio_bsp/\libhal_bsp.a(alt_irq_vars.o)
 .text          0x0000000000803288      0x254 ../Lab2_Audio_bsp/\libhal_bsp.a(alt_open.o)
                0x0000000000803388                open
 .text          0x00000000008034dc       0x64 ../Lab2_Audio_bsp/\libhal_bsp.a(alt_release_fd.o)
                0x00000000008034dc                alt_release_fd
 .text          0x0000000000803540      0x1a4 ../Lab2_Audio_bsp/\libhal_bsp.a(alt_tick.o)
                0x0000000000803540                alt_alarm_stop
                0x00000000008035dc                alt_tick
 .text          0x00000000008036e4       0x30 ../Lab2_Audio_bsp/\libhal_bsp.a(alt_usleep.o)
                0x00000000008036e4                usleep
 .text          0x0000000000803714       0x24 ../Lab2_Audio_bsp/\libhal_bsp.a(altera_nios2_gen2_irq.o)
                0x0000000000803714                altera_nios2_gen2_irq_init
 .text          0x0000000000803738      0x158 ../Lab2_Audio_bsp/\libhal_bsp.a(alt_busy_sleep.o)
                0x0000000000803738                alt_busy_sleep
 .text          0x0000000000803890      0x108 ../Lab2_Audio_bsp/\libhal_bsp.a(alt_find_file.o)
                0x0000000000803890                alt_find_file
 .text          0x0000000000803998       0xa4 ../Lab2_Audio_bsp/\libhal_bsp.a(alt_get_fd.o)
                0x0000000000803998                alt_get_fd
 .text          0x0000000000803a3c       0x90 ../Lab2_Audio_bsp/\libhal_bsp.a(alt_icache_flush.o)
                0x0000000000803a3c                alt_icache_flush
 .text          0x0000000000803acc        0x0 ../Lab2_Audio_bsp/\libhal_bsp.a(alt_irq_entry.o)
 .text          0x0000000000803acc        0x0 ../Lab2_Audio_bsp/\libhal_bsp.a(alt_irq_handler.o)
 .text          0x0000000000803acc        0x0 ../Lab2_Audio_bsp/\libhal_bsp.a(alt_exception_entry.o)
 .text          0x0000000000803acc       0x9c ../Lab2_Audio_bsp/\libhal_bsp.a(alt_instruction_exception_entry.o)
                0x0000000000803acc                alt_exception_cause_generated_bad_addr
 .text          0x0000000000803b68        0x0 c:/software/altera/18.1/nios2eds/bin/gnu/h-x86_64-mingw32/bin/../lib/gcc/nios2-elf/5.3.0/../../../../../H-x86_64-mingw32/nios2-elf/lib\libc.a(lib_a-atexit.o)
 .text.atexit   0x0000000000803b68       0x14 c:/software/altera/18.1/nios2eds/bin/gnu/h-x86_64-mingw32/bin/../lib/gcc/nios2-elf/5.3.0/../../../../../H-x86_64-mingw32/nios2-elf/lib\libc.a(lib_a-atexit.o)
                0x0000000000803b68                atexit
 .text          0x0000000000803b7c        0x0 c:/software/altera/18.1/nios2eds/bin/gnu/h-x86_64-mingw32/bin/../lib/gcc/nios2-elf/5.3.0/../../../../../H-x86_64-mingw32/nios2-elf/lib\libc.a(lib_a-ctype_.o)
 .text          0x0000000000803b7c        0x0 c:/software/altera/18.1/nios2eds/bin/gnu/h-x86_64-mingw32/bin/../lib/gcc/nios2-elf/5.3.0/../../../../../H-x86_64-mingw32/nios2-elf/lib\libc.a(lib_a-exit.o)
 .text.exit     0x0000000000803b7c       0x38 c:/software/altera/18.1/nios2eds/bin/gnu/h-x86_64-mingw32/bin/../lib/gcc/nios2-elf/5.3.0/../../../../../H-x86_64-mingw32/nios2-elf/lib\libc.a(lib_a-exit.o)
                0x0000000000803b7c                exit
 .text          0x0000000000803bb4        0x0 c:/software/altera/18.1/nios2eds/bin/gnu/h-x86_64-mingw32/bin/../lib/gcc/nios2-elf/5.3.0/../../../../../H-x86_64-mingw32/nios2-elf/lib\libc.a(lib_a-impure.o)
 .text          0x0000000000803bb4        0x0 c:/software/altera/18.1/nios2eds/bin/gnu/h-x86_64-mingw32/bin/../lib/gcc/nios2-elf/5.3.0/../../../../../H-x86_64-mingw32/nios2-elf/lib\libc.a(lib_a-int_errno.o)
 .text          0x0000000000803bb4        0x0 c:/software/altera/18.1/nios2eds/bin/gnu/h-x86_64-mingw32/bin/../lib/gcc/nios2-elf/5.3.0/../../../../../H-x86_64-mingw32/nios2-elf/lib\libc.a(lib_a-memcmp.o)
 .text.memcmp   0x0000000000803bb4       0x7c c:/software/altera/18.1/nios2eds/bin/gnu/h-x86_64-mingw32/bin/../lib/gcc/nios2-elf/5.3.0/../../../../../H-x86_64-mingw32/nios2-elf/lib\libc.a(lib_a-memcmp.o)
                0x0000000000803bb4                memcmp
 .text          0x0000000000803c30        0x0 c:/software/altera/18.1/nios2eds/bin/gnu/h-x86_64-mingw32/bin/../lib/gcc/nios2-elf/5.3.0/../../../../../H-x86_64-mingw32/nios2-elf/lib\libc.a(lib_a-memcpy.o)
 .text.memcpy   0x0000000000803c30      0x148 c:/software/altera/18.1/nios2eds/bin/gnu/h-x86_64-mingw32/bin/../lib/gcc/nios2-elf/5.3.0/../../../../../H-x86_64-mingw32/nios2-elf/lib\libc.a(lib_a-memcpy.o)
                0x0000000000803c30                memcpy
 .text          0x0000000000803d78        0x0 c:/software/altera/18.1/nios2eds/bin/gnu/h-x86_64-mingw32/bin/../lib/gcc/nios2-elf/5.3.0/../../../../../H-x86_64-mingw32/nios2-elf/lib\libc.a(lib_a-memset.o)
 .text.memset   0x0000000000803d78      0x128 c:/software/altera/18.1/nios2eds/bin/gnu/h-x86_64-mingw32/bin/../lib/gcc/nios2-elf/5.3.0/../../../../../H-x86_64-mingw32/nios2-elf/lib\libc.a(lib_a-memset.o)
                0x0000000000803d78                memset
 .text          0x0000000000803ea0        0x0 c:/software/altera/18.1/nios2eds/bin/gnu/h-x86_64-mingw32/bin/../lib/gcc/nios2-elf/5.3.0/../../../../../H-x86_64-mingw32/nios2-elf/lib\libc.a(lib_a-putc.o)
 .text._putc_r  0x0000000000803ea0       0xa0 c:/software/altera/18.1/nios2eds/bin/gnu/h-x86_64-mingw32/bin/../lib/gcc/nios2-elf/5.3.0/../../../../../H-x86_64-mingw32/nios2-elf/lib\libc.a(lib_a-putc.o)
                0x0000000000803ea0                _putc_r
 .text.putc     0x0000000000803f40       0xc8 c:/software/altera/18.1/nios2eds/bin/gnu/h-x86_64-mingw32/bin/../lib/gcc/nios2-elf/5.3.0/../../../../../H-x86_64-mingw32/nios2-elf/lib\libc.a(lib_a-putc.o)
                0x0000000000803f40                putc
 .text          0x0000000000804008        0x0 c:/software/altera/18.1/nios2eds/bin/gnu/h-x86_64-mingw32/bin/../lib/gcc/nios2-elf/5.3.0/../../../../../H-x86_64-mingw32/nios2-elf/lib\libc.a(lib_a-strlen.o)
 .text.strlen   0x0000000000804008       0x98 c:/software/altera/18.1/nios2eds/bin/gnu/h-x86_64-mingw32/bin/../lib/gcc/nios2-elf/5.3.0/../../../../../H-x86_64-mingw32/nios2-elf/lib\libc.a(lib_a-strlen.o)
                0x0000000000804008                strlen
 .text          0x00000000008040a0        0x0 c:/software/altera/18.1/nios2eds/bin/gnu/h-x86_64-mingw32/bin/../lib/gcc/nios2-elf/5.3.0/../../../../../H-x86_64-mingw32/nios2-elf/lib\libc.a(lib_a-wbuf.o)
 .text.__swbuf_r
                0x00000000008040a0      0x140 c:/software/altera/18.1/nios2eds/bin/gnu/h-x86_64-mingw32/bin/../lib/gcc/nios2-elf/5.3.0/../../../../../H-x86_64-mingw32/nios2-elf/lib\libc.a(lib_a-wbuf.o)
                0x00000000008040a0                __swbuf_r
 .text.__swbuf  0x00000000008041e0       0x18 c:/software/altera/18.1/nios2eds/bin/gnu/h-x86_64-mingw32/bin/../lib/gcc/nios2-elf/5.3.0/../../../../../H-x86_64-mingw32/nios2-elf/lib\libc.a(lib_a-wbuf.o)
                0x00000000008041e0                __swbuf
 .text          0x00000000008041f8        0x0 c:/software/altera/18.1/nios2eds/bin/gnu/h-x86_64-mingw32/bin/../lib/gcc/nios2-elf/5.3.0/../../../../../H-x86_64-mingw32/nios2-elf/lib\libc.a(lib_a-wsetup.o)
 .text.__swsetup_r
                0x00000000008041f8      0x154 c:/software/altera/18.1/nios2eds/bin/gnu/h-x86_64-mingw32/bin/../lib/gcc/nios2-elf/5.3.0/../../../../../H-x86_64-mingw32/nios2-elf/lib\libc.a(lib_a-wsetup.o)
                0x00000000008041f8                __swsetup_r
 .text          0x000000000080434c        0x0 c:/software/altera/18.1/nios2eds/bin/gnu/h-x86_64-mingw32/bin/../lib/gcc/nios2-elf/5.3.0/../../../../../H-x86_64-mingw32/nios2-elf/lib\libc.a(lib_a-__atexit.o)
 .text.__register_exitproc
                0x000000000080434c      0x118 c:/software/altera/18.1/nios2eds/bin/gnu/h-x86_64-mingw32/bin/../lib/gcc/nios2-elf/5.3.0/../../../../../H-x86_64-mingw32/nios2-elf/lib\libc.a(lib_a-__atexit.o)
                0x000000000080434c                __register_exitproc
 .text          0x0000000000804464        0x0 c:/software/altera/18.1/nios2eds/bin/gnu/h-x86_64-mingw32/bin/../lib/gcc/nios2-elf/5.3.0/../../../../../H-x86_64-mingw32/nios2-elf/lib\libc.a(lib_a-__call_atexit.o)
 .text.__call_exitprocs
                0x0000000000804464      0x180 c:/software/altera/18.1/nios2eds/bin/gnu/h-x86_64-mingw32/bin/../lib/gcc/nios2-elf/5.3.0/../../../../../H-x86_64-mingw32/nios2-elf/lib\libc.a(lib_a-__call_atexit.o)
                0x0000000000804464                __call_exitprocs
 .text          0x00000000008045e4        0x0 c:/software/altera/18.1/nios2eds/bin/gnu/h-x86_64-mingw32/bin/../lib/gcc/nios2-elf/5.3.0/../../../../../H-x86_64-mingw32/nios2-elf/lib\libc.a(lib_a-fflush.o)
 .text.__sflush_r
                0x00000000008045e4      0x21c c:/software/altera/18.1/nios2eds/bin/gnu/h-x86_64-mingw32/bin/../lib/gcc/nios2-elf/5.3.0/../../../../../H-x86_64-mingw32/nios2-elf/lib\libc.a(lib_a-fflush.o)
                0x00000000008045e4                __sflush_r
 .text._fflush_r
                0x0000000000804800       0x5c c:/software/altera/18.1/nios2eds/bin/gnu/h-x86_64-mingw32/bin/../lib/gcc/nios2-elf/5.3.0/../../../../../H-x86_64-mingw32/nios2-elf/lib\libc.a(lib_a-fflush.o)
                0x0000000000804800                _fflush_r
 .text.fflush   0x000000000080485c       0x30 c:/software/altera/18.1/nios2eds/bin/gnu/h-x86_64-mingw32/bin/../lib/gcc/nios2-elf/5.3.0/../../../../../H-x86_64-mingw32/nios2-elf/lib\libc.a(lib_a-fflush.o)
                0x000000000080485c                fflush
 .text          0x000000000080488c        0x0 c:/software/altera/18.1/nios2eds/bin/gnu/h-x86_64-mingw32/bin/../lib/gcc/nios2-elf/5.3.0/../../../../../H-x86_64-mingw32/nios2-elf/lib\libc.a(lib_a-findfp.o)
 .text.__fp_unlock
                0x000000000080488c        0x8 c:/software/altera/18.1/nios2eds/bin/gnu/h-x86_64-mingw32/bin/../lib/gcc/nios2-elf/5.3.0/../../../../../H-x86_64-mingw32/nios2-elf/lib\libc.a(lib_a-findfp.o)
 .text._cleanup_r
                0x0000000000804894        0xc c:/software/altera/18.1/nios2eds/bin/gnu/h-x86_64-mingw32/bin/../lib/gcc/nios2-elf/5.3.0/../../../../../H-x86_64-mingw32/nios2-elf/lib\libc.a(lib_a-findfp.o)
                0x0000000000804894                _cleanup_r
 .text.__sinit.part.1
                0x00000000008048a0      0x19c c:/software/altera/18.1/nios2eds/bin/gnu/h-x86_64-mingw32/bin/../lib/gcc/nios2-elf/5.3.0/../../../../../H-x86_64-mingw32/nios2-elf/lib\libc.a(lib_a-findfp.o)
 .text.__fp_lock
                0x0000000000804a3c        0x8 c:/software/altera/18.1/nios2eds/bin/gnu/h-x86_64-mingw32/bin/../lib/gcc/nios2-elf/5.3.0/../../../../../H-x86_64-mingw32/nios2-elf/lib\libc.a(lib_a-findfp.o)
 .text.__sfmoreglue
                0x0000000000804a44       0x68 c:/software/altera/18.1/nios2eds/bin/gnu/h-x86_64-mingw32/bin/../lib/gcc/nios2-elf/5.3.0/../../../../../H-x86_64-mingw32/nios2-elf/lib\libc.a(lib_a-findfp.o)
                0x0000000000804a44                __sfmoreglue
 .text.__sfp    0x0000000000804aac      0x118 c:/software/altera/18.1/nios2eds/bin/gnu/h-x86_64-mingw32/bin/../lib/gcc/nios2-elf/5.3.0/../../../../../H-x86_64-mingw32/nios2-elf/lib\libc.a(lib_a-findfp.o)
                0x0000000000804aac                __sfp
 .text._cleanup
                0x0000000000804bc4       0x18 c:/software/altera/18.1/nios2eds/bin/gnu/h-x86_64-mingw32/bin/../lib/gcc/nios2-elf/5.3.0/../../../../../H-x86_64-mingw32/nios2-elf/lib\libc.a(lib_a-findfp.o)
                0x0000000000804bc4                _cleanup
 .text.__sinit  0x0000000000804bdc       0x10 c:/software/altera/18.1/nios2eds/bin/gnu/h-x86_64-mingw32/bin/../lib/gcc/nios2-elf/5.3.0/../../../../../H-x86_64-mingw32/nios2-elf/lib\libc.a(lib_a-findfp.o)
                0x0000000000804bdc                __sinit
 .text.__sfp_lock_acquire
                0x0000000000804bec        0x4 c:/software/altera/18.1/nios2eds/bin/gnu/h-x86_64-mingw32/bin/../lib/gcc/nios2-elf/5.3.0/../../../../../H-x86_64-mingw32/nios2-elf/lib\libc.a(lib_a-findfp.o)
                0x0000000000804bec                __sfp_lock_acquire
 .text.__sfp_lock_release
                0x0000000000804bf0        0x4 c:/software/altera/18.1/nios2eds/bin/gnu/h-x86_64-mingw32/bin/../lib/gcc/nios2-elf/5.3.0/../../../../../H-x86_64-mingw32/nios2-elf/lib\libc.a(lib_a-findfp.o)
                0x0000000000804bf0                __sfp_lock_release
 .text.__sinit_lock_acquire
                0x0000000000804bf4        0x4 c:/software/altera/18.1/nios2eds/bin/gnu/h-x86_64-mingw32/bin/../lib/gcc/nios2-elf/5.3.0/../../../../../H-x86_64-mingw32/nios2-elf/lib\libc.a(lib_a-findfp.o)
                0x0000000000804bf4                __sinit_lock_acquire
 .text.__sinit_lock_release
                0x0000000000804bf8        0x4 c:/software/altera/18.1/nios2eds/bin/gnu/h-x86_64-mingw32/bin/../lib/gcc/nios2-elf/5.3.0/../../../../../H-x86_64-mingw32/nios2-elf/lib\libc.a(lib_a-findfp.o)
                0x0000000000804bf8                __sinit_lock_release
 .text.__fp_lock_all
                0x0000000000804bfc       0x18 c:/software/altera/18.1/nios2eds/bin/gnu/h-x86_64-mingw32/bin/../lib/gcc/nios2-elf/5.3.0/../../../../../H-x86_64-mingw32/nios2-elf/lib\libc.a(lib_a-findfp.o)
                0x0000000000804bfc                __fp_lock_all
 .text.__fp_unlock_all
                0x0000000000804c14       0x18 c:/software/altera/18.1/nios2eds/bin/gnu/h-x86_64-mingw32/bin/../lib/gcc/nios2-elf/5.3.0/../../../../../H-x86_64-mingw32/nios2-elf/lib\libc.a(lib_a-findfp.o)
                0x0000000000804c14                __fp_unlock_all
 .text          0x0000000000804c2c        0x0 c:/software/altera/18.1/nios2eds/bin/gnu/h-x86_64-mingw32/bin/../lib/gcc/nios2-elf/5.3.0/../../../../../H-x86_64-mingw32/nios2-elf/lib\libc.a(lib_a-freer.o)
 .text._malloc_trim_r
                0x0000000000804c2c      0x124 c:/software/altera/18.1/nios2eds/bin/gnu/h-x86_64-mingw32/bin/../lib/gcc/nios2-elf/5.3.0/../../../../../H-x86_64-mingw32/nios2-elf/lib\libc.a(lib_a-freer.o)
                0x0000000000804c2c                _malloc_trim_r
 .text._free_r  0x0000000000804d50      0x310 c:/software/altera/18.1/nios2eds/bin/gnu/h-x86_64-mingw32/bin/../lib/gcc/nios2-elf/5.3.0/../../../../../H-x86_64-mingw32/nios2-elf/lib\libc.a(lib_a-freer.o)
                0x0000000000804d50                _free_r
 .text          0x0000000000805060        0x0 c:/software/altera/18.1/nios2eds/bin/gnu/h-x86_64-mingw32/bin/../lib/gcc/nios2-elf/5.3.0/../../../../../H-x86_64-mingw32/nios2-elf/lib\libc.a(lib_a-fwalk.o)
 .text._fwalk   0x0000000000805060       0xc4 c:/software/altera/18.1/nios2eds/bin/gnu/h-x86_64-mingw32/bin/../lib/gcc/nios2-elf/5.3.0/../../../../../H-x86_64-mingw32/nios2-elf/lib\libc.a(lib_a-fwalk.o)
                0x0000000000805060                _fwalk
 .text._fwalk_reent
                0x0000000000805124       0xc4 c:/software/altera/18.1/nios2eds/bin/gnu/h-x86_64-mingw32/bin/../lib/gcc/nios2-elf/5.3.0/../../../../../H-x86_64-mingw32/nios2-elf/lib\libc.a(lib_a-fwalk.o)
                0x0000000000805124                _fwalk_reent
 .text          0x00000000008051e8        0x0 c:/software/altera/18.1/nios2eds/bin/gnu/h-x86_64-mingw32/bin/../lib/gcc/nios2-elf/5.3.0/../../../../../H-x86_64-mingw32/nios2-elf/lib\libc.a(lib_a-makebuf.o)
 .text.__smakebuf_r
                0x00000000008051e8      0x1bc c:/software/altera/18.1/nios2eds/bin/gnu/h-x86_64-mingw32/bin/../lib/gcc/nios2-elf/5.3.0/../../../../../H-x86_64-mingw32/nios2-elf/lib\libc.a(lib_a-makebuf.o)
                0x00000000008051e8                __smakebuf_r
 .text          0x00000000008053a4        0x0 c:/software/altera/18.1/nios2eds/bin/gnu/h-x86_64-mingw32/bin/../lib/gcc/nios2-elf/5.3.0/../../../../../H-x86_64-mingw32/nios2-elf/lib\libc.a(lib_a-mallocr.o)
 .text._malloc_r
                0x00000000008053a4      0x80c c:/software/altera/18.1/nios2eds/bin/gnu/h-x86_64-mingw32/bin/../lib/gcc/nios2-elf/5.3.0/../../../../../H-x86_64-mingw32/nios2-elf/lib\libc.a(lib_a-mallocr.o)
                0x00000000008053a4                _malloc_r
 .text          0x0000000000805bb0        0x0 c:/software/altera/18.1/nios2eds/bin/gnu/h-x86_64-mingw32/bin/../lib/gcc/nios2-elf/5.3.0/../../../../../H-x86_64-mingw32/nios2-elf/lib\libc.a(lib_a-sbrkr.o)
 .text._sbrk_r  0x0000000000805bb0       0x54 c:/software/altera/18.1/nios2eds/bin/gnu/h-x86_64-mingw32/bin/../lib/gcc/nios2-elf/5.3.0/../../../../../H-x86_64-mingw32/nios2-elf/lib\libc.a(lib_a-sbrkr.o)
                0x0000000000805bb0                _sbrk_r
 .text          0x0000000000805c04        0x0 c:/software/altera/18.1/nios2eds/bin/gnu/h-x86_64-mingw32/bin/../lib/gcc/nios2-elf/5.3.0/../../../../../H-x86_64-mingw32/nios2-elf/lib\libc.a(lib_a-stdio.o)
 .text.__sread  0x0000000000805c04       0x54 c:/software/altera/18.1/nios2eds/bin/gnu/h-x86_64-mingw32/bin/../lib/gcc/nios2-elf/5.3.0/../../../../../H-x86_64-mingw32/nios2-elf/lib\libc.a(lib_a-stdio.o)
                0x0000000000805c04                __sread
 .text.__seofread
                0x0000000000805c58        0x8 c:/software/altera/18.1/nios2eds/bin/gnu/h-x86_64-mingw32/bin/../lib/gcc/nios2-elf/5.3.0/../../../../../H-x86_64-mingw32/nios2-elf/lib\libc.a(lib_a-stdio.o)
                0x0000000000805c58                __seofread
 .text.__swrite
                0x0000000000805c60       0x7c c:/software/altera/18.1/nios2eds/bin/gnu/h-x86_64-mingw32/bin/../lib/gcc/nios2-elf/5.3.0/../../../../../H-x86_64-mingw32/nios2-elf/lib\libc.a(lib_a-stdio.o)
                0x0000000000805c60                __swrite
 .text.__sseek  0x0000000000805cdc       0x5c c:/software/altera/18.1/nios2eds/bin/gnu/h-x86_64-mingw32/bin/../lib/gcc/nios2-elf/5.3.0/../../../../../H-x86_64-mingw32/nios2-elf/lib\libc.a(lib_a-stdio.o)
                0x0000000000805cdc                __sseek
 .text.__sclose
                0x0000000000805d38        0x8 c:/software/altera/18.1/nios2eds/bin/gnu/h-x86_64-mingw32/bin/../lib/gcc/nios2-elf/5.3.0/../../../../../H-x86_64-mingw32/nios2-elf/lib\libc.a(lib_a-stdio.o)
                0x0000000000805d38                __sclose
 .text          0x0000000000805d40        0x0 c:/software/altera/18.1/nios2eds/bin/gnu/h-x86_64-mingw32/bin/../lib/gcc/nios2-elf/5.3.0/../../../../../H-x86_64-mingw32/nios2-elf/lib\libc.a(lib_a-writer.o)
 .text._write_r
                0x0000000000805d40       0x60 c:/software/altera/18.1/nios2eds/bin/gnu/h-x86_64-mingw32/bin/../lib/gcc/nios2-elf/5.3.0/../../../../../H-x86_64-mingw32/nios2-elf/lib\libc.a(lib_a-writer.o)
                0x0000000000805d40                _write_r
 .text          0x0000000000805da0        0x0 c:/software/altera/18.1/nios2eds/bin/gnu/h-x86_64-mingw32/bin/../lib/gcc/nios2-elf/5.3.0/../../../../../H-x86_64-mingw32/nios2-elf/lib\libc.a(closer.o)
 .text._close_r
                0x0000000000805da0       0x54 c:/software/altera/18.1/nios2eds/bin/gnu/h-x86_64-mingw32/bin/../lib/gcc/nios2-elf/5.3.0/../../../../../H-x86_64-mingw32/nios2-elf/lib\libc.a(closer.o)
                0x0000000000805da0                _close_r
 .text          0x0000000000805df4        0x0 c:/software/altera/18.1/nios2eds/bin/gnu/h-x86_64-mingw32/bin/../lib/gcc/nios2-elf/5.3.0/../../../../../H-x86_64-mingw32/nios2-elf/lib\libc.a(lib_a-fclose.o)
 .text._fclose_r
                0x0000000000805df4       0xf0 c:/software/altera/18.1/nios2eds/bin/gnu/h-x86_64-mingw32/bin/../lib/gcc/nios2-elf/5.3.0/../../../../../H-x86_64-mingw32/nios2-elf/lib\libc.a(lib_a-fclose.o)
                0x0000000000805df4                _fclose_r
 .text.fclose   0x0000000000805ee4       0x14 c:/software/altera/18.1/nios2eds/bin/gnu/h-x86_64-mingw32/bin/../lib/gcc/nios2-elf/5.3.0/../../../../../H-x86_64-mingw32/nios2-elf/lib\libc.a(lib_a-fclose.o)
                0x0000000000805ee4                fclose
 .text          0x0000000000805ef8        0x0 c:/software/altera/18.1/nios2eds/bin/gnu/h-x86_64-mingw32/bin/../lib/gcc/nios2-elf/5.3.0/../../../../../H-x86_64-mingw32/nios2-elf/lib\libc.a(lib_a-fstatr.o)
 .text._fstat_r
                0x0000000000805ef8       0x5c c:/software/altera/18.1/nios2eds/bin/gnu/h-x86_64-mingw32/bin/../lib/gcc/nios2-elf/5.3.0/../../../../../H-x86_64-mingw32/nios2-elf/lib\libc.a(lib_a-fstatr.o)
                0x0000000000805ef8                _fstat_r
 .text          0x0000000000805f54        0x0 c:/software/altera/18.1/nios2eds/bin/gnu/h-x86_64-mingw32/bin/../lib/gcc/nios2-elf/5.3.0/../../../../../H-x86_64-mingw32/nios2-elf/lib\libc.a(lib_a-isattyr.o)
 .text._isatty_r
                0x0000000000805f54       0x54 c:/software/altera/18.1/nios2eds/bin/gnu/h-x86_64-mingw32/bin/../lib/gcc/nios2-elf/5.3.0/../../../../../H-x86_64-mingw32/nios2-elf/lib\libc.a(lib_a-isattyr.o)
                0x0000000000805f54                _isatty_r
 .text          0x0000000000805fa8        0x0 c:/software/altera/18.1/nios2eds/bin/gnu/h-x86_64-mingw32/bin/../lib/gcc/nios2-elf/5.3.0/../../../../../H-x86_64-mingw32/nios2-elf/lib\libc.a(lib_a-lseekr.o)
 .text._lseek_r
                0x0000000000805fa8       0x60 c:/software/altera/18.1/nios2eds/bin/gnu/h-x86_64-mingw32/bin/../lib/gcc/nios2-elf/5.3.0/../../../../../H-x86_64-mingw32/nios2-elf/lib\libc.a(lib_a-lseekr.o)
                0x0000000000805fa8                _lseek_r
 .text          0x0000000000806008        0x0 c:/software/altera/18.1/nios2eds/bin/gnu/h-x86_64-mingw32/bin/../lib/gcc/nios2-elf/5.3.0/../../../../../H-x86_64-mingw32/nios2-elf/lib\libc.a(lib_a-readr.o)
 .text._read_r  0x0000000000806008       0x60 c:/software/altera/18.1/nios2eds/bin/gnu/h-x86_64-mingw32/bin/../lib/gcc/nios2-elf/5.3.0/../../../../../H-x86_64-mingw32/nios2-elf/lib\libc.a(lib_a-readr.o)
                0x0000000000806008                _read_r
 .text          0x0000000000806068      0x1b4 c:/software/altera/18.1/nios2eds/bin/gnu/h-x86_64-mingw32/bin/../lib/gcc/nios2-elf/5.3.0\libgcc.a(lib2-divmod.o)
                0x0000000000806068                __divsi3
                0x00000000008060ec                __modsi3
                0x0000000000806160                __udivsi3
                0x00000000008061c4                __umodsi3
 .text          0x000000000080621c       0x34 ../Lab2_Audio_bsp/\libhal_bsp.a(alt_exit.o)
                0x000000000080621c                _exit
 .text          0x0000000000806250       0xec ../Lab2_Audio_bsp/\libhal_bsp.a(alt_fstat.o)
                0x000000000080628c                fstat
 .text          0x000000000080633c       0xe0 ../Lab2_Audio_bsp/\libhal_bsp.a(alt_isatty.o)
                0x0000000000806378                isatty
 .text          0x000000000080641c      0x110 ../Lab2_Audio_bsp/\libhal_bsp.a(alt_lseek.o)
                0x0000000000806458                lseek
 .text          0x000000000080652c       0x48 ../Lab2_Audio_bsp/\libhal_bsp.a(alt_malloc_lock.o)
                0x000000000080652c                __malloc_lock
                0x0000000000806550                __malloc_unlock
 .text          0x0000000000806574      0x138 ../Lab2_Audio_bsp/\libhal_bsp.a(alt_read.o)
                0x00000000008065b0                read
 .text          0x00000000008066ac       0xb0 ../Lab2_Audio_bsp/\libhal_bsp.a(alt_sbrk.o)
                0x00000000008066ac                sbrk
 .text          0x000000000080675c      0x134 ../Lab2_Audio_bsp/\libhal_bsp.a(alt_write.o)
                0x0000000000806798                write
 *(.gnu.warning.*)
 *(.fini)
                [!provide]                        PROVIDE (__etext, ABSOLUTE (.))
                [!provide]                        PROVIDE (_etext, ABSOLUTE (.))
                [!provide]                        PROVIDE (etext, ABSOLUTE (.))
 *(.eh_frame_hdr)
                0x0000000000806890                . = ALIGN (0x4)
                [!provide]                        PROVIDE (__preinit_array_start, ABSOLUTE (.))
 *(.preinit_array)
                [!provide]                        PROVIDE (__preinit_array_end, ABSOLUTE (.))
                [!provide]                        PROVIDE (__init_array_start, ABSOLUTE (.))
 *(.init_array)
                [!provide]                        PROVIDE (__init_array_end, ABSOLUTE (.))
                [!provide]                        PROVIDE (__fini_array_start, ABSOLUTE (.))
 *(.fini_array)
                [!provide]                        PROVIDE (__fini_array_end, ABSOLUTE (.))
 *(.eh_frame)
 *(.gcc_except_table .gcc_except_table.*)
 *(.dynamic)
                0x0000000000806890                PROVIDE (__CTOR_LIST__, ABSOLUTE (.))
 *(.ctors)
 *(SORT(.ctors.*))
                0x0000000000806890                PROVIDE (__CTOR_END__, ABSOLUTE (.))
                0x0000000000806890                PROVIDE (__DTOR_LIST__, ABSOLUTE (.))
 *(.dtors)
 *(SORT(.dtors.*))
                0x0000000000806890                PROVIDE (__DTOR_END__, ABSOLUTE (.))
 *(.jcr)
                0x0000000000806890                . = ALIGN (0x4)

.rodata         0x0000000000806890      0x348
                0x0000000000806890                PROVIDE (__ram_rodata_start, ABSOLUTE (.))
                0x0000000000806890                . = ALIGN (0x4)
 *(.rodata .rodata.* .gnu.linkonce.r.*)
 .rodata        0x0000000000806890       0x4a obj/default/hello_world.o
 *fill*         0x00000000008068da        0x2 
 .rodata        0x00000000008068dc       0x11 ../Lab2_Audio_bsp/\libhal_bsp.a(alt_main.o)
 *fill*         0x00000000008068ed        0x3 
 .rodata        0x00000000008068f0       0x57 ../Lab2_Audio_bsp/\libhal_bsp.a(alt_sys_init.o)
 *fill*         0x0000000000806947        0x1 
 .rodata        0x0000000000806948        0xa ../Lab2_Audio_bsp/\libhal_bsp.a(alt_dev.o)
 .rodata._ctype_
                0x0000000000806952      0x101 c:/software/altera/18.1/nios2eds/bin/gnu/h-x86_64-mingw32/bin/../lib/gcc/nios2-elf/5.3.0/../../../../../H-x86_64-mingw32/nios2-elf/lib\libc.a(lib_a-ctype_.o)
                0x0000000000806952                _ctype_
 .rodata._ctype_b
                0x0000000000806a53      0x180 c:/software/altera/18.1/nios2eds/bin/gnu/h-x86_64-mingw32/bin/../lib/gcc/nios2-elf/5.3.0/../../../../../H-x86_64-mingw32/nios2-elf/lib\libc.a(lib_a-ctype_.o)
 *fill*         0x0000000000806bd3        0x1 
 .rodata.str1.4
                0x0000000000806bd4        0x4 c:/software/altera/18.1/nios2eds/bin/gnu/h-x86_64-mingw32/bin/../lib/gcc/nios2-elf/5.3.0/../../../../../H-x86_64-mingw32/nios2-elf/lib\libc.a(lib_a-impure.o)
                                          0x2 (size before relaxing)
 *(.rodata1)
                0x0000000000806bd8                . = ALIGN (0x4)
                0x0000000000806bd8                PROVIDE (__ram_rodata_end, ABSOLUTE (.))
                0x0000000000806890                PROVIDE (__flash_rodata_start, LOADADDR (.rodata))

.rwdata         0x0000000000806bd8      0xc84 load address 0x000000000080785c
                0x0000000000806bd8                PROVIDE (__ram_rwdata_start, ABSOLUTE (.))
                0x0000000000806bd8                . = ALIGN (0x4)
 *(.got.plt)
 *(.got)
 *(.data1)
 *(.data .data.* .gnu.linkonce.d.*)
 .data          0x0000000000806bd8        0x0 ../Lab2_Audio_bsp//obj/HAL/src/crt0.o
 .data          0x0000000000806bd8        0x0 obj/default/hello_world.o
 .data          0x0000000000806bd8        0x0 ../Lab2_Audio_bsp/\libhal_bsp.a(alt_load.o)
 .data          0x0000000000806bd8        0x0 ../Lab2_Audio_bsp/\libhal_bsp.a(alt_main.o)
 .data          0x0000000000806bd8        0x0 ../Lab2_Audio_bsp/\libhal_bsp.a(alt_printf.o)
 .data          0x0000000000806bd8        0x0 ../Lab2_Audio_bsp/\libhal_bsp.a(alt_putchar.o)
 .data          0x0000000000806bd8      0x270 ../Lab2_Audio_bsp/\libhal_bsp.a(alt_sys_init.o)
 .data          0x0000000000806e48        0x0 ../Lab2_Audio_bsp/\libhal_bsp.a(altera_avalon_jtag_uart_fd.o)
 .data          0x0000000000806e48        0x0 ../Lab2_Audio_bsp/\libhal_bsp.a(altera_avalon_jtag_uart_read.o)
 .data          0x0000000000806e48        0x0 ../Lab2_Audio_bsp/\libhal_bsp.a(altera_avalon_jtag_uart_write.o)
 .data          0x0000000000806e48        0x0 ../Lab2_Audio_bsp/\libhal_bsp.a(altera_avalon_lcd_16207.o)
 .data          0x0000000000806e48        0x0 ../Lab2_Audio_bsp/\libhal_bsp.a(altera_avalon_lcd_16207_fd.o)
 .data          0x0000000000806e48        0x0 ../Lab2_Audio_bsp/\libhal_bsp.a(altera_avalon_timer_sc.o)
 .data          0x0000000000806e48        0x0 ../Lab2_Audio_bsp/\libhal_bsp.a(altera_avalon_uart_fd.o)
 .data          0x0000000000806e48        0x0 ../Lab2_Audio_bsp/\libhal_bsp.a(altera_avalon_uart_init.o)
 .data          0x0000000000806e48        0x0 ../Lab2_Audio_bsp/\libhal_bsp.a(altera_avalon_uart_read.o)
 .data          0x0000000000806e48        0x0 ../Lab2_Audio_bsp/\libhal_bsp.a(altera_avalon_uart_write.o)
 .data          0x0000000000806e48        0x0 ../Lab2_Audio_bsp/\libhal_bsp.a(altera_up_avalon_audio.o)
 .data          0x0000000000806e48        0x0 ../Lab2_Audio_bsp/\libhal_bsp.a(alt_alarm_start.o)
 .data          0x0000000000806e48        0x0 ../Lab2_Audio_bsp/\libhal_bsp.a(alt_close.o)
 .data          0x0000000000806e48        0x0 ../Lab2_Audio_bsp/\libhal_bsp.a(alt_dcache_flush_all.o)
 .data          0x0000000000806e48      0x1a8 ../Lab2_Audio_bsp/\libhal_bsp.a(alt_dev.o)
                0x0000000000806e48                alt_dev_null
                0x0000000000806e70                alt_fd_list
 .data          0x0000000000806ff0        0x0 ../Lab2_Audio_bsp/\libhal_bsp.a(alt_dev_llist_insert.o)
 .data          0x0000000000806ff0        0x0 ../Lab2_Audio_bsp/\libhal_bsp.a(alt_do_ctors.o)
 .data          0x0000000000806ff0        0x0 ../Lab2_Audio_bsp/\libhal_bsp.a(alt_do_dtors.o)
 .data          0x0000000000806ff0        0x0 ../Lab2_Audio_bsp/\libhal_bsp.a(alt_errno.o)
 .data          0x0000000000806ff0        0x0 ../Lab2_Audio_bsp/\libhal_bsp.a(alt_find_dev.o)
 .data          0x0000000000806ff0        0x0 ../Lab2_Audio_bsp/\libhal_bsp.a(alt_icache_flush_all.o)
 .data          0x0000000000806ff0        0x0 ../Lab2_Audio_bsp/\libhal_bsp.a(alt_io_redirect.o)
 .data          0x0000000000806ff0        0x0 ../Lab2_Audio_bsp/\libhal_bsp.a(alt_irq_register.o)
 .data          0x0000000000806ff0        0x0 ../Lab2_Audio_bsp/\libhal_bsp.a(alt_irq_vars.o)
 .data          0x0000000000806ff0        0x0 ../Lab2_Audio_bsp/\libhal_bsp.a(alt_open.o)
 .data          0x0000000000806ff0        0x0 ../Lab2_Audio_bsp/\libhal_bsp.a(alt_release_fd.o)
 .data          0x0000000000806ff0        0x0 ../Lab2_Audio_bsp/\libhal_bsp.a(alt_tick.o)
 .data          0x0000000000806ff0        0x0 ../Lab2_Audio_bsp/\libhal_bsp.a(alt_usleep.o)
 .data          0x0000000000806ff0        0x0 ../Lab2_Audio_bsp/\libhal_bsp.a(altera_nios2_gen2_irq.o)
 .data          0x0000000000806ff0        0x0 ../Lab2_Audio_bsp/\libhal_bsp.a(alt_busy_sleep.o)
 .data          0x0000000000806ff0        0x0 ../Lab2_Audio_bsp/\libhal_bsp.a(alt_find_file.o)
 .data          0x0000000000806ff0        0x0 ../Lab2_Audio_bsp/\libhal_bsp.a(alt_get_fd.o)
 .data          0x0000000000806ff0        0x0 ../Lab2_Audio_bsp/\libhal_bsp.a(alt_icache_flush.o)
 .data          0x0000000000806ff0        0x0 ../Lab2_Audio_bsp/\libhal_bsp.a(alt_irq_entry.o)
 .data          0x0000000000806ff0        0x0 ../Lab2_Audio_bsp/\libhal_bsp.a(alt_irq_handler.o)
 .data          0x0000000000806ff0        0x0 ../Lab2_Audio_bsp/\libhal_bsp.a(alt_exception_entry.o)
 .data          0x0000000000806ff0        0x0 ../Lab2_Audio_bsp/\libhal_bsp.a(alt_instruction_exception_entry.o)
 .data          0x0000000000806ff0        0x0 c:/software/altera/18.1/nios2eds/bin/gnu/h-x86_64-mingw32/bin/../lib/gcc/nios2-elf/5.3.0/../../../../../H-x86_64-mingw32/nios2-elf/lib\libc.a(lib_a-atexit.o)
 .data          0x0000000000806ff0        0x0 c:/software/altera/18.1/nios2eds/bin/gnu/h-x86_64-mingw32/bin/../lib/gcc/nios2-elf/5.3.0/../../../../../H-x86_64-mingw32/nios2-elf/lib\libc.a(lib_a-ctype_.o)
 .data          0x0000000000806ff0        0x0 c:/software/altera/18.1/nios2eds/bin/gnu/h-x86_64-mingw32/bin/../lib/gcc/nios2-elf/5.3.0/../../../../../H-x86_64-mingw32/nios2-elf/lib\libc.a(lib_a-exit.o)
 .data          0x0000000000806ff0        0x0 c:/software/altera/18.1/nios2eds/bin/gnu/h-x86_64-mingw32/bin/../lib/gcc/nios2-elf/5.3.0/../../../../../H-x86_64-mingw32/nios2-elf/lib\libc.a(lib_a-impure.o)
 .data.impure_data
                0x0000000000806ff0      0x424 c:/software/altera/18.1/nios2eds/bin/gnu/h-x86_64-mingw32/bin/../lib/gcc/nios2-elf/5.3.0/../../../../../H-x86_64-mingw32/nios2-elf/lib\libc.a(lib_a-impure.o)
 .data          0x0000000000807414        0x0 c:/software/altera/18.1/nios2eds/bin/gnu/h-x86_64-mingw32/bin/../lib/gcc/nios2-elf/5.3.0/../../../../../H-x86_64-mingw32/nios2-elf/lib\libc.a(lib_a-int_errno.o)
 .data          0x0000000000807414        0x0 c:/software/altera/18.1/nios2eds/bin/gnu/h-x86_64-mingw32/bin/../lib/gcc/nios2-elf/5.3.0/../../../../../H-x86_64-mingw32/nios2-elf/lib\libc.a(lib_a-memcmp.o)
 .data          0x0000000000807414        0x0 c:/software/altera/18.1/nios2eds/bin/gnu/h-x86_64-mingw32/bin/../lib/gcc/nios2-elf/5.3.0/../../../../../H-x86_64-mingw32/nios2-elf/lib\libc.a(lib_a-memcpy.o)
 .data          0x0000000000807414        0x0 c:/software/altera/18.1/nios2eds/bin/gnu/h-x86_64-mingw32/bin/../lib/gcc/nios2-elf/5.3.0/../../../../../H-x86_64-mingw32/nios2-elf/lib\libc.a(lib_a-memset.o)
 .data          0x0000000000807414        0x0 c:/software/altera/18.1/nios2eds/bin/gnu/h-x86_64-mingw32/bin/../lib/gcc/nios2-elf/5.3.0/../../../../../H-x86_64-mingw32/nios2-elf/lib\libc.a(lib_a-putc.o)
 .data          0x0000000000807414        0x0 c:/software/altera/18.1/nios2eds/bin/gnu/h-x86_64-mingw32/bin/../lib/gcc/nios2-elf/5.3.0/../../../../../H-x86_64-mingw32/nios2-elf/lib\libc.a(lib_a-strlen.o)
 .data          0x0000000000807414        0x0 c:/software/altera/18.1/nios2eds/bin/gnu/h-x86_64-mingw32/bin/../lib/gcc/nios2-elf/5.3.0/../../../../../H-x86_64-mingw32/nios2-elf/lib\libc.a(lib_a-wbuf.o)
 .data          0x0000000000807414        0x0 c:/software/altera/18.1/nios2eds/bin/gnu/h-x86_64-mingw32/bin/../lib/gcc/nios2-elf/5.3.0/../../../../../H-x86_64-mingw32/nios2-elf/lib\libc.a(lib_a-wsetup.o)
 .data          0x0000000000807414        0x0 c:/software/altera/18.1/nios2eds/bin/gnu/h-x86_64-mingw32/bin/../lib/gcc/nios2-elf/5.3.0/../../../../../H-x86_64-mingw32/nios2-elf/lib\libc.a(lib_a-__atexit.o)
 .data          0x0000000000807414        0x0 c:/software/altera/18.1/nios2eds/bin/gnu/h-x86_64-mingw32/bin/../lib/gcc/nios2-elf/5.3.0/../../../../../H-x86_64-mingw32/nios2-elf/lib\libc.a(lib_a-__call_atexit.o)
 .data          0x0000000000807414        0x0 c:/software/altera/18.1/nios2eds/bin/gnu/h-x86_64-mingw32/bin/../lib/gcc/nios2-elf/5.3.0/../../../../../H-x86_64-mingw32/nios2-elf/lib\libc.a(lib_a-fflush.o)
 .data          0x0000000000807414        0x0 c:/software/altera/18.1/nios2eds/bin/gnu/h-x86_64-mingw32/bin/../lib/gcc/nios2-elf/5.3.0/../../../../../H-x86_64-mingw32/nios2-elf/lib\libc.a(lib_a-findfp.o)
 .data          0x0000000000807414        0x0 c:/software/altera/18.1/nios2eds/bin/gnu/h-x86_64-mingw32/bin/../lib/gcc/nios2-elf/5.3.0/../../../../../H-x86_64-mingw32/nios2-elf/lib\libc.a(lib_a-freer.o)
 .data          0x0000000000807414        0x0 c:/software/altera/18.1/nios2eds/bin/gnu/h-x86_64-mingw32/bin/../lib/gcc/nios2-elf/5.3.0/../../../../../H-x86_64-mingw32/nios2-elf/lib\libc.a(lib_a-fwalk.o)
 .data          0x0000000000807414        0x0 c:/software/altera/18.1/nios2eds/bin/gnu/h-x86_64-mingw32/bin/../lib/gcc/nios2-elf/5.3.0/../../../../../H-x86_64-mingw32/nios2-elf/lib\libc.a(lib_a-makebuf.o)
 .data          0x0000000000807414        0x0 c:/software/altera/18.1/nios2eds/bin/gnu/h-x86_64-mingw32/bin/../lib/gcc/nios2-elf/5.3.0/../../../../../H-x86_64-mingw32/nios2-elf/lib\libc.a(lib_a-mallocr.o)
 .data.__malloc_av_
                0x0000000000807414      0x408 c:/software/altera/18.1/nios2eds/bin/gnu/h-x86_64-mingw32/bin/../lib/gcc/nios2-elf/5.3.0/../../../../../H-x86_64-mingw32/nios2-elf/lib\libc.a(lib_a-mallocr.o)
                0x0000000000807414                __malloc_av_
 .data          0x000000000080781c        0x0 c:/software/altera/18.1/nios2eds/bin/gnu/h-x86_64-mingw32/bin/../lib/gcc/nios2-elf/5.3.0/../../../../../H-x86_64-mingw32/nios2-elf/lib\libc.a(lib_a-sbrkr.o)
 .data          0x000000000080781c        0x0 c:/software/altera/18.1/nios2eds/bin/gnu/h-x86_64-mingw32/bin/../lib/gcc/nios2-elf/5.3.0/../../../../../H-x86_64-mingw32/nios2-elf/lib\libc.a(lib_a-stdio.o)
 .data          0x000000000080781c        0x0 c:/software/altera/18.1/nios2eds/bin/gnu/h-x86_64-mingw32/bin/../lib/gcc/nios2-elf/5.3.0/../../../../../H-x86_64-mingw32/nios2-elf/lib\libc.a(lib_a-writer.o)
 .data          0x000000000080781c        0x0 c:/software/altera/18.1/nios2eds/bin/gnu/h-x86_64-mingw32/bin/../lib/gcc/nios2-elf/5.3.0/../../../../../H-x86_64-mingw32/nios2-elf/lib\libc.a(closer.o)
 .data          0x000000000080781c        0x0 c:/software/altera/18.1/nios2eds/bin/gnu/h-x86_64-mingw32/bin/../lib/gcc/nios2-elf/5.3.0/../../../../../H-x86_64-mingw32/nios2-elf/lib\libc.a(lib_a-fclose.o)
 .data          0x000000000080781c        0x0 c:/software/altera/18.1/nios2eds/bin/gnu/h-x86_64-mingw32/bin/../lib/gcc/nios2-elf/5.3.0/../../../../../H-x86_64-mingw32/nios2-elf/lib\libc.a(lib_a-fstatr.o)
 .data          0x000000000080781c        0x0 c:/software/altera/18.1/nios2eds/bin/gnu/h-x86_64-mingw32/bin/../lib/gcc/nios2-elf/5.3.0/../../../../../H-x86_64-mingw32/nios2-elf/lib\libc.a(lib_a-isattyr.o)
 .data          0x000000000080781c        0x0 c:/software/altera/18.1/nios2eds/bin/gnu/h-x86_64-mingw32/bin/../lib/gcc/nios2-elf/5.3.0/../../../../../H-x86_64-mingw32/nios2-elf/lib\libc.a(lib_a-lseekr.o)
 .data          0x000000000080781c        0x0 c:/software/altera/18.1/nios2eds/bin/gnu/h-x86_64-mingw32/bin/../lib/gcc/nios2-elf/5.3.0/../../../../../H-x86_64-mingw32/nios2-elf/lib\libc.a(lib_a-readr.o)
 .data          0x000000000080781c        0x0 c:/software/altera/18.1/nios2eds/bin/gnu/h-x86_64-mingw32/bin/../lib/gcc/nios2-elf/5.3.0\libgcc.a(lib2-divmod.o)
 .data          0x000000000080781c        0x0 ../Lab2_Audio_bsp/\libhal_bsp.a(alt_exit.o)
 .data          0x000000000080781c        0x0 ../Lab2_Audio_bsp/\libhal_bsp.a(alt_fstat.o)
 .data          0x000000000080781c        0x0 ../Lab2_Audio_bsp/\libhal_bsp.a(alt_isatty.o)
 .data          0x000000000080781c        0x0 ../Lab2_Audio_bsp/\libhal_bsp.a(alt_lseek.o)
 .data          0x000000000080781c        0x0 ../Lab2_Audio_bsp/\libhal_bsp.a(alt_malloc_lock.o)
 .data          0x000000000080781c        0x0 ../Lab2_Audio_bsp/\libhal_bsp.a(alt_read.o)
 .data          0x000000000080781c        0x0 ../Lab2_Audio_bsp/\libhal_bsp.a(alt_sbrk.o)
 .data          0x000000000080781c        0x0 ../Lab2_Audio_bsp/\libhal_bsp.a(alt_write.o)
                0x000000000080f81c                _gp = ABSOLUTE ((. + 0x8000))
                [!provide]                        PROVIDE (gp, _gp)
 *(.rwdata .rwdata.*)
 *(.sdata .sdata.* .gnu.linkonce.s.*)
 .sdata         0x000000000080781c        0x4 ../Lab2_Audio_bsp/\libhal_bsp.a(altera_avalon_lcd_16207.o)
 .sdata         0x0000000000807820       0x14 ../Lab2_Audio_bsp/\libhal_bsp.a(alt_dev.o)
                0x0000000000807820                alt_fs_list
                0x0000000000807828                alt_dev_list
                0x0000000000807830                alt_max_fd
 .sdata         0x0000000000807834        0x4 ../Lab2_Audio_bsp/\libhal_bsp.a(alt_errno.o)
                0x0000000000807834                alt_errno
 .sdata         0x0000000000807838        0x4 ../Lab2_Audio_bsp/\libhal_bsp.a(alt_irq_vars.o)
                0x0000000000807838                alt_priority_mask
 .sdata         0x000000000080783c        0x8 ../Lab2_Audio_bsp/\libhal_bsp.a(alt_tick.o)
                0x000000000080783c                alt_alarm_list
 .sdata.__ctype_ptr__
                0x0000000000807844        0x4 c:/software/altera/18.1/nios2eds/bin/gnu/h-x86_64-mingw32/bin/../lib/gcc/nios2-elf/5.3.0/../../../../../H-x86_64-mingw32/nios2-elf/lib\libc.a(lib_a-ctype_.o)
                0x0000000000807844                __ctype_ptr__
 .sdata._global_impure_ptr
                0x0000000000807848        0x4 c:/software/altera/18.1/nios2eds/bin/gnu/h-x86_64-mingw32/bin/../lib/gcc/nios2-elf/5.3.0/../../../../../H-x86_64-mingw32/nios2-elf/lib\libc.a(lib_a-impure.o)
                0x0000000000807848                _global_impure_ptr
 .sdata._impure_ptr
                0x000000000080784c        0x4 c:/software/altera/18.1/nios2eds/bin/gnu/h-x86_64-mingw32/bin/../lib/gcc/nios2-elf/5.3.0/../../../../../H-x86_64-mingw32/nios2-elf/lib\libc.a(lib_a-impure.o)
                0x000000000080784c                _impure_ptr
 .sdata.__malloc_sbrk_base
                0x0000000000807850        0x4 c:/software/altera/18.1/nios2eds/bin/gnu/h-x86_64-mingw32/bin/../lib/gcc/nios2-elf/5.3.0/../../../../../H-x86_64-mingw32/nios2-elf/lib\libc.a(lib_a-mallocr.o)
                0x0000000000807850                __malloc_sbrk_base
 .sdata.__malloc_trim_threshold
                0x0000000000807854        0x4 c:/software/altera/18.1/nios2eds/bin/gnu/h-x86_64-mingw32/bin/../lib/gcc/nios2-elf/5.3.0/../../../../../H-x86_64-mingw32/nios2-elf/lib\libc.a(lib_a-mallocr.o)
                0x0000000000807854                __malloc_trim_threshold
 .sdata         0x0000000000807858        0x4 ../Lab2_Audio_bsp/\libhal_bsp.a(alt_sbrk.o)
 *(.sdata2 .sdata2.* .gnu.linkonce.s2.*)
                0x000000000080785c                . = ALIGN (0x4)
                0x000000000080785c                _edata = ABSOLUTE (.)
                [!provide]                        PROVIDE (edata, ABSOLUTE (.))
                0x000000000080785c                PROVIDE (__ram_rwdata_end, ABSOLUTE (.))
                0x000000000080785c                PROVIDE (__flash_rwdata_start, LOADADDR (.rwdata))

.bss            0x00000000008084e0      0x154
                0x00000000008084e0                __bss_start = ABSOLUTE (.)
                [!provide]                        PROVIDE (__sbss_start, ABSOLUTE (.))
                [!provide]                        PROVIDE (___sbss_start, ABSOLUTE (.))
 *(.dynsbss)
 *(.sbss .sbss.* .gnu.linkonce.sb.*)
 .sbss          0x00000000008084e0        0xc ../Lab2_Audio_bsp/\libhal_bsp.a(alt_main.o)
                0x00000000008084e0                alt_argc
                0x00000000008084e4                alt_argv
                0x00000000008084e8                alt_envp
 .sbss          0x00000000008084ec        0x4 ../Lab2_Audio_bsp/\libhal_bsp.a(alt_irq_vars.o)
                0x00000000008084ec                alt_irq_active
 .sbss          0x00000000008084f0        0x8 ../Lab2_Audio_bsp/\libhal_bsp.a(alt_tick.o)
                0x00000000008084f0                _alt_tick_rate
                0x00000000008084f4                _alt_nticks
 .sbss          0x00000000008084f8        0x4 ../Lab2_Audio_bsp/\libhal_bsp.a(alt_instruction_exception_entry.o)
                0x00000000008084f8                alt_instruction_exception_handler
 .sbss          0x00000000008084fc        0x4 c:/software/altera/18.1/nios2eds/bin/gnu/h-x86_64-mingw32/bin/../lib/gcc/nios2-elf/5.3.0/../../../../../H-x86_64-mingw32/nios2-elf/lib\libc.a(lib_a-int_errno.o)
                0x00000000008084fc                errno
 .sbss.__malloc_max_total_mem
                0x0000000000808500        0x4 c:/software/altera/18.1/nios2eds/bin/gnu/h-x86_64-mingw32/bin/../lib/gcc/nios2-elf/5.3.0/../../../../../H-x86_64-mingw32/nios2-elf/lib\libc.a(lib_a-mallocr.o)
                0x0000000000808500                __malloc_max_total_mem
 .sbss.__malloc_max_sbrked_mem
                0x0000000000808504        0x4 c:/software/altera/18.1/nios2eds/bin/gnu/h-x86_64-mingw32/bin/../lib/gcc/nios2-elf/5.3.0/../../../../../H-x86_64-mingw32/nios2-elf/lib\libc.a(lib_a-mallocr.o)
                0x0000000000808504                __malloc_max_sbrked_mem
 .sbss.__malloc_top_pad
                0x0000000000808508        0x4 c:/software/altera/18.1/nios2eds/bin/gnu/h-x86_64-mingw32/bin/../lib/gcc/nios2-elf/5.3.0/../../../../../H-x86_64-mingw32/nios2-elf/lib\libc.a(lib_a-mallocr.o)
                0x0000000000808508                __malloc_top_pad
 *(.sbss2 .sbss2.* .gnu.linkonce.sb2.*)
 *(.scommon)
                [!provide]                        PROVIDE (__sbss_end, ABSOLUTE (.))
                [!provide]                        PROVIDE (___sbss_end, ABSOLUTE (.))
 *(.dynbss)
 *(.bss .bss.* .gnu.linkonce.b.*)
 .bss           0x000000000080850c        0x0 ../Lab2_Audio_bsp//obj/HAL/src/crt0.o
 .bss           0x000000000080850c        0x0 obj/default/hello_world.o
 .bss           0x000000000080850c        0x0 ../Lab2_Audio_bsp/\libhal_bsp.a(alt_load.o)
 .bss           0x000000000080850c        0x0 ../Lab2_Audio_bsp/\libhal_bsp.a(alt_main.o)
 .bss           0x000000000080850c        0x0 ../Lab2_Audio_bsp/\libhal_bsp.a(alt_printf.o)
 .bss           0x000000000080850c        0x0 ../Lab2_Audio_bsp/\libhal_bsp.a(alt_putchar.o)
 .bss           0x000000000080850c        0x0 ../Lab2_Audio_bsp/\libhal_bsp.a(alt_sys_init.o)
 .bss           0x000000000080850c        0x0 ../Lab2_Audio_bsp/\libhal_bsp.a(altera_avalon_jtag_uart_fd.o)
 .bss           0x000000000080850c        0x0 ../Lab2_Audio_bsp/\libhal_bsp.a(altera_avalon_jtag_uart_read.o)
 .bss           0x000000000080850c        0x0 ../Lab2_Audio_bsp/\libhal_bsp.a(altera_avalon_jtag_uart_write.o)
 .bss           0x000000000080850c        0x0 ../Lab2_Audio_bsp/\libhal_bsp.a(altera_avalon_lcd_16207.o)
 .bss           0x000000000080850c        0x0 ../Lab2_Audio_bsp/\libhal_bsp.a(altera_avalon_lcd_16207_fd.o)
 .bss           0x000000000080850c        0x0 ../Lab2_Audio_bsp/\libhal_bsp.a(altera_avalon_timer_sc.o)
 .bss           0x000000000080850c        0x0 ../Lab2_Audio_bsp/\libhal_bsp.a(altera_avalon_uart_fd.o)
 .bss           0x000000000080850c        0x0 ../Lab2_Audio_bsp/\libhal_bsp.a(altera_avalon_uart_init.o)
 .bss           0x000000000080850c        0x0 ../Lab2_Audio_bsp/\libhal_bsp.a(altera_avalon_uart_read.o)
 .bss           0x000000000080850c        0x0 ../Lab2_Audio_bsp/\libhal_bsp.a(altera_avalon_uart_write.o)
 .bss           0x000000000080850c        0x0 ../Lab2_Audio_bsp/\libhal_bsp.a(altera_up_avalon_audio.o)
 .bss           0x000000000080850c        0x0 ../Lab2_Audio_bsp/\libhal_bsp.a(alt_alarm_start.o)
 .bss           0x000000000080850c        0x0 ../Lab2_Audio_bsp/\libhal_bsp.a(alt_close.o)
 .bss           0x000000000080850c        0x0 ../Lab2_Audio_bsp/\libhal_bsp.a(alt_dcache_flush_all.o)
 .bss           0x000000000080850c        0x0 ../Lab2_Audio_bsp/\libhal_bsp.a(alt_dev.o)
 .bss           0x000000000080850c        0x0 ../Lab2_Audio_bsp/\libhal_bsp.a(alt_dev_llist_insert.o)
 .bss           0x000000000080850c        0x0 ../Lab2_Audio_bsp/\libhal_bsp.a(alt_do_ctors.o)
 .bss           0x000000000080850c        0x0 ../Lab2_Audio_bsp/\libhal_bsp.a(alt_do_dtors.o)
 .bss           0x000000000080850c        0x0 ../Lab2_Audio_bsp/\libhal_bsp.a(alt_errno.o)
 .bss           0x000000000080850c        0x0 ../Lab2_Audio_bsp/\libhal_bsp.a(alt_find_dev.o)
 .bss           0x000000000080850c        0x0 ../Lab2_Audio_bsp/\libhal_bsp.a(alt_icache_flush_all.o)
 .bss           0x000000000080850c        0x0 ../Lab2_Audio_bsp/\libhal_bsp.a(alt_io_redirect.o)
 .bss           0x000000000080850c        0x0 ../Lab2_Audio_bsp/\libhal_bsp.a(alt_irq_register.o)
 .bss           0x000000000080850c        0x0 ../Lab2_Audio_bsp/\libhal_bsp.a(alt_irq_vars.o)
 .bss           0x000000000080850c        0x0 ../Lab2_Audio_bsp/\libhal_bsp.a(alt_open.o)
 .bss           0x000000000080850c        0x0 ../Lab2_Audio_bsp/\libhal_bsp.a(alt_release_fd.o)
 .bss           0x000000000080850c        0x0 ../Lab2_Audio_bsp/\libhal_bsp.a(alt_tick.o)
 .bss           0x000000000080850c        0x0 ../Lab2_Audio_bsp/\libhal_bsp.a(alt_usleep.o)
 .bss           0x000000000080850c        0x0 ../Lab2_Audio_bsp/\libhal_bsp.a(altera_nios2_gen2_irq.o)
 .bss           0x000000000080850c        0x0 ../Lab2_Audio_bsp/\libhal_bsp.a(alt_busy_sleep.o)
 .bss           0x000000000080850c        0x0 ../Lab2_Audio_bsp/\libhal_bsp.a(alt_find_file.o)
 .bss           0x000000000080850c        0x0 ../Lab2_Audio_bsp/\libhal_bsp.a(alt_get_fd.o)
 .bss           0x000000000080850c        0x0 ../Lab2_Audio_bsp/\libhal_bsp.a(alt_icache_flush.o)
 .bss           0x000000000080850c        0x0 ../Lab2_Audio_bsp/\libhal_bsp.a(alt_irq_entry.o)
 .bss           0x000000000080850c        0x0 ../Lab2_Audio_bsp/\libhal_bsp.a(alt_irq_handler.o)
 .bss           0x000000000080850c        0x0 ../Lab2_Audio_bsp/\libhal_bsp.a(alt_exception_entry.o)
 .bss           0x000000000080850c        0x0 ../Lab2_Audio_bsp/\libhal_bsp.a(alt_instruction_exception_entry.o)
 .bss           0x000000000080850c        0x0 c:/software/altera/18.1/nios2eds/bin/gnu/h-x86_64-mingw32/bin/../lib/gcc/nios2-elf/5.3.0/../../../../../H-x86_64-mingw32/nios2-elf/lib\libc.a(lib_a-atexit.o)
 .bss           0x000000000080850c        0x0 c:/software/altera/18.1/nios2eds/bin/gnu/h-x86_64-mingw32/bin/../lib/gcc/nios2-elf/5.3.0/../../../../../H-x86_64-mingw32/nios2-elf/lib\libc.a(lib_a-ctype_.o)
 .bss           0x000000000080850c        0x0 c:/software/altera/18.1/nios2eds/bin/gnu/h-x86_64-mingw32/bin/../lib/gcc/nios2-elf/5.3.0/../../../../../H-x86_64-mingw32/nios2-elf/lib\libc.a(lib_a-exit.o)
 .bss           0x000000000080850c        0x0 c:/software/altera/18.1/nios2eds/bin/gnu/h-x86_64-mingw32/bin/../lib/gcc/nios2-elf/5.3.0/../../../../../H-x86_64-mingw32/nios2-elf/lib\libc.a(lib_a-impure.o)
 .bss           0x000000000080850c        0x0 c:/software/altera/18.1/nios2eds/bin/gnu/h-x86_64-mingw32/bin/../lib/gcc/nios2-elf/5.3.0/../../../../../H-x86_64-mingw32/nios2-elf/lib\libc.a(lib_a-int_errno.o)
 .bss           0x000000000080850c        0x0 c:/software/altera/18.1/nios2eds/bin/gnu/h-x86_64-mingw32/bin/../lib/gcc/nios2-elf/5.3.0/../../../../../H-x86_64-mingw32/nios2-elf/lib\libc.a(lib_a-memcmp.o)
 .bss           0x000000000080850c        0x0 c:/software/altera/18.1/nios2eds/bin/gnu/h-x86_64-mingw32/bin/../lib/gcc/nios2-elf/5.3.0/../../../../../H-x86_64-mingw32/nios2-elf/lib\libc.a(lib_a-memcpy.o)
 .bss           0x000000000080850c        0x0 c:/software/altera/18.1/nios2eds/bin/gnu/h-x86_64-mingw32/bin/../lib/gcc/nios2-elf/5.3.0/../../../../../H-x86_64-mingw32/nios2-elf/lib\libc.a(lib_a-memset.o)
 .bss           0x000000000080850c        0x0 c:/software/altera/18.1/nios2eds/bin/gnu/h-x86_64-mingw32/bin/../lib/gcc/nios2-elf/5.3.0/../../../../../H-x86_64-mingw32/nios2-elf/lib\libc.a(lib_a-putc.o)
 .bss           0x000000000080850c        0x0 c:/software/altera/18.1/nios2eds/bin/gnu/h-x86_64-mingw32/bin/../lib/gcc/nios2-elf/5.3.0/../../../../../H-x86_64-mingw32/nios2-elf/lib\libc.a(lib_a-strlen.o)
 .bss           0x000000000080850c        0x0 c:/software/altera/18.1/nios2eds/bin/gnu/h-x86_64-mingw32/bin/../lib/gcc/nios2-elf/5.3.0/../../../../../H-x86_64-mingw32/nios2-elf/lib\libc.a(lib_a-wbuf.o)
 .bss           0x000000000080850c        0x0 c:/software/altera/18.1/nios2eds/bin/gnu/h-x86_64-mingw32/bin/../lib/gcc/nios2-elf/5.3.0/../../../../../H-x86_64-mingw32/nios2-elf/lib\libc.a(lib_a-wsetup.o)
 .bss           0x000000000080850c        0x0 c:/software/altera/18.1/nios2eds/bin/gnu/h-x86_64-mingw32/bin/../lib/gcc/nios2-elf/5.3.0/../../../../../H-x86_64-mingw32/nios2-elf/lib\libc.a(lib_a-__atexit.o)
 .bss           0x000000000080850c        0x0 c:/software/altera/18.1/nios2eds/bin/gnu/h-x86_64-mingw32/bin/../lib/gcc/nios2-elf/5.3.0/../../../../../H-x86_64-mingw32/nios2-elf/lib\libc.a(lib_a-__call_atexit.o)
 .bss           0x000000000080850c        0x0 c:/software/altera/18.1/nios2eds/bin/gnu/h-x86_64-mingw32/bin/../lib/gcc/nios2-elf/5.3.0/../../../../../H-x86_64-mingw32/nios2-elf/lib\libc.a(lib_a-fflush.o)
 .bss           0x000000000080850c        0x0 c:/software/altera/18.1/nios2eds/bin/gnu/h-x86_64-mingw32/bin/../lib/gcc/nios2-elf/5.3.0/../../../../../H-x86_64-mingw32/nios2-elf/lib\libc.a(lib_a-findfp.o)
 .bss           0x000000000080850c        0x0 c:/software/altera/18.1/nios2eds/bin/gnu/h-x86_64-mingw32/bin/../lib/gcc/nios2-elf/5.3.0/../../../../../H-x86_64-mingw32/nios2-elf/lib\libc.a(lib_a-freer.o)
 .bss           0x000000000080850c        0x0 c:/software/altera/18.1/nios2eds/bin/gnu/h-x86_64-mingw32/bin/../lib/gcc/nios2-elf/5.3.0/../../../../../H-x86_64-mingw32/nios2-elf/lib\libc.a(lib_a-fwalk.o)
 .bss           0x000000000080850c        0x0 c:/software/altera/18.1/nios2eds/bin/gnu/h-x86_64-mingw32/bin/../lib/gcc/nios2-elf/5.3.0/../../../../../H-x86_64-mingw32/nios2-elf/lib\libc.a(lib_a-makebuf.o)
 .bss           0x000000000080850c        0x0 c:/software/altera/18.1/nios2eds/bin/gnu/h-x86_64-mingw32/bin/../lib/gcc/nios2-elf/5.3.0/../../../../../H-x86_64-mingw32/nios2-elf/lib\libc.a(lib_a-mallocr.o)
 .bss.__malloc_current_mallinfo
                0x000000000080850c       0x28 c:/software/altera/18.1/nios2eds/bin/gnu/h-x86_64-mingw32/bin/../lib/gcc/nios2-elf/5.3.0/../../../../../H-x86_64-mingw32/nios2-elf/lib\libc.a(lib_a-mallocr.o)
                0x000000000080850c                __malloc_current_mallinfo
 .bss           0x0000000000808534        0x0 c:/software/altera/18.1/nios2eds/bin/gnu/h-x86_64-mingw32/bin/../lib/gcc/nios2-elf/5.3.0/../../../../../H-x86_64-mingw32/nios2-elf/lib\libc.a(lib_a-sbrkr.o)
 .bss           0x0000000000808534        0x0 c:/software/altera/18.1/nios2eds/bin/gnu/h-x86_64-mingw32/bin/../lib/gcc/nios2-elf/5.3.0/../../../../../H-x86_64-mingw32/nios2-elf/lib\libc.a(lib_a-stdio.o)
 .bss           0x0000000000808534        0x0 c:/software/altera/18.1/nios2eds/bin/gnu/h-x86_64-mingw32/bin/../lib/gcc/nios2-elf/5.3.0/../../../../../H-x86_64-mingw32/nios2-elf/lib\libc.a(lib_a-writer.o)
 .bss           0x0000000000808534        0x0 c:/software/altera/18.1/nios2eds/bin/gnu/h-x86_64-mingw32/bin/../lib/gcc/nios2-elf/5.3.0/../../../../../H-x86_64-mingw32/nios2-elf/lib\libc.a(closer.o)
 .bss           0x0000000000808534        0x0 c:/software/altera/18.1/nios2eds/bin/gnu/h-x86_64-mingw32/bin/../lib/gcc/nios2-elf/5.3.0/../../../../../H-x86_64-mingw32/nios2-elf/lib\libc.a(lib_a-fclose.o)
 .bss           0x0000000000808534        0x0 c:/software/altera/18.1/nios2eds/bin/gnu/h-x86_64-mingw32/bin/../lib/gcc/nios2-elf/5.3.0/../../../../../H-x86_64-mingw32/nios2-elf/lib\libc.a(lib_a-fstatr.o)
 .bss           0x0000000000808534        0x0 c:/software/altera/18.1/nios2eds/bin/gnu/h-x86_64-mingw32/bin/../lib/gcc/nios2-elf/5.3.0/../../../../../H-x86_64-mingw32/nios2-elf/lib\libc.a(lib_a-isattyr.o)
 .bss           0x0000000000808534        0x0 c:/software/altera/18.1/nios2eds/bin/gnu/h-x86_64-mingw32/bin/../lib/gcc/nios2-elf/5.3.0/../../../../../H-x86_64-mingw32/nios2-elf/lib\libc.a(lib_a-lseekr.o)
 .bss           0x0000000000808534        0x0 c:/software/altera/18.1/nios2eds/bin/gnu/h-x86_64-mingw32/bin/../lib/gcc/nios2-elf/5.3.0/../../../../../H-x86_64-mingw32/nios2-elf/lib\libc.a(lib_a-readr.o)
 .bss           0x0000000000808534        0x0 c:/software/altera/18.1/nios2eds/bin/gnu/h-x86_64-mingw32/bin/../lib/gcc/nios2-elf/5.3.0\libgcc.a(lib2-divmod.o)
 .bss           0x0000000000808534        0x0 ../Lab2_Audio_bsp/\libhal_bsp.a(alt_exit.o)
 .bss           0x0000000000808534        0x0 ../Lab2_Audio_bsp/\libhal_bsp.a(alt_fstat.o)
 .bss           0x0000000000808534        0x0 ../Lab2_Audio_bsp/\libhal_bsp.a(alt_isatty.o)
 .bss           0x0000000000808534        0x0 ../Lab2_Audio_bsp/\libhal_bsp.a(alt_lseek.o)
 .bss           0x0000000000808534        0x0 ../Lab2_Audio_bsp/\libhal_bsp.a(alt_malloc_lock.o)
 .bss           0x0000000000808534        0x0 ../Lab2_Audio_bsp/\libhal_bsp.a(alt_read.o)
 .bss           0x0000000000808534        0x0 ../Lab2_Audio_bsp/\libhal_bsp.a(alt_sbrk.o)
 .bss           0x0000000000808534        0x0 ../Lab2_Audio_bsp/\libhal_bsp.a(alt_write.o)
 *(COMMON)
 COMMON         0x0000000000808534      0x100 ../Lab2_Audio_bsp/\libhal_bsp.a(alt_irq_handler.o)
                0x0000000000808534                alt_irq
                0x0000000000808634                . = ALIGN (0x4)
                0x0000000000808634                __bss_end = ABSOLUTE (.)

.sdram_0        0x0000000000808634        0x0
                [!provide]                        PROVIDE (_alt_partition_sdram_0_start, ABSOLUTE (.))
 *(.sdram_0 .sdram_0. sdram_0.*)
                0x0000000000808634                . = ALIGN (0x4)
                [!provide]                        PROVIDE (_alt_partition_sdram_0_end, ABSOLUTE (.))
                0x0000000000808634                _end = ABSOLUTE (.)
                0x0000000000808634                end = ABSOLUTE (.)
                0x0000000000808634                __alt_stack_base = ABSOLUTE (.)
                [!provide]                        PROVIDE (_alt_partition_sdram_0_load_addr, LOADADDR (.sdram_0))

.stab
 *(.stab)

.stabstr
 *(.stabstr)

.stab.excl
 *(.stab.excl)

.stab.exclstr
 *(.stab.exclstr)

.stab.index
 *(.stab.index)

.stab.indexstr
 *(.stab.indexstr)

.comment        0x0000000000000000       0x23
 *(.comment)
 .comment       0x0000000000000000       0x23 obj/default/hello_world.o
                                         0x24 (size before relaxing)
 .comment       0x0000000000000023       0x24 ../Lab2_Audio_bsp/\libhal_bsp.a(alt_load.o)
 .comment       0x0000000000000023       0x24 ../Lab2_Audio_bsp/\libhal_bsp.a(alt_main.o)
 .comment       0x0000000000000023       0x24 ../Lab2_Audio_bsp/\libhal_bsp.a(alt_printf.o)
 .comment       0x0000000000000023       0x24 ../Lab2_Audio_bsp/\libhal_bsp.a(alt_putchar.o)
 .comment       0x0000000000000023       0x24 ../Lab2_Audio_bsp/\libhal_bsp.a(alt_sys_init.o)
 .comment       0x0000000000000023       0x24 ../Lab2_Audio_bsp/\libhal_bsp.a(altera_avalon_jtag_uart_fd.o)
 .comment       0x0000000000000023       0x24 ../Lab2_Audio_bsp/\libhal_bsp.a(altera_avalon_jtag_uart_read.o)
 .comment       0x0000000000000023       0x24 ../Lab2_Audio_bsp/\libhal_bsp.a(altera_avalon_jtag_uart_write.o)
 .comment       0x0000000000000023       0x24 ../Lab2_Audio_bsp/\libhal_bsp.a(altera_avalon_lcd_16207.o)
 .comment       0x0000000000000023       0x24 ../Lab2_Audio_bsp/\libhal_bsp.a(altera_avalon_lcd_16207_fd.o)
 .comment       0x0000000000000023       0x24 ../Lab2_Audio_bsp/\libhal_bsp.a(altera_avalon_timer_sc.o)
 .comment       0x0000000000000023       0x24 ../Lab2_Audio_bsp/\libhal_bsp.a(altera_avalon_uart_fd.o)
 .comment       0x0000000000000023       0x24 ../Lab2_Audio_bsp/\libhal_bsp.a(altera_avalon_uart_init.o)
 .comment       0x0000000000000023       0x24 ../Lab2_Audio_bsp/\libhal_bsp.a(altera_avalon_uart_read.o)
 .comment       0x0000000000000023       0x24 ../Lab2_Audio_bsp/\libhal_bsp.a(altera_avalon_uart_write.o)
 .comment       0x0000000000000023       0x24 ../Lab2_Audio_bsp/\libhal_bsp.a(altera_up_avalon_audio.o)
 .comment       0x0000000000000023       0x24 ../Lab2_Audio_bsp/\libhal_bsp.a(alt_alarm_start.o)
 .comment       0x0000000000000023       0x24 ../Lab2_Audio_bsp/\libhal_bsp.a(alt_close.o)
 .comment       0x0000000000000023       0x24 ../Lab2_Audio_bsp/\libhal_bsp.a(alt_dcache_flush_all.o)
 .comment       0x0000000000000023       0x24 ../Lab2_Audio_bsp/\libhal_bsp.a(alt_dev.o)
 .comment       0x0000000000000023       0x24 ../Lab2_Audio_bsp/\libhal_bsp.a(alt_dev_llist_insert.o)
 .comment       0x0000000000000023       0x24 ../Lab2_Audio_bsp/\libhal_bsp.a(alt_do_ctors.o)
 .comment       0x0000000000000023       0x24 ../Lab2_Audio_bsp/\libhal_bsp.a(alt_do_dtors.o)
 .comment       0x0000000000000023       0x24 ../Lab2_Audio_bsp/\libhal_bsp.a(alt_errno.o)
 .comment       0x0000000000000023       0x24 ../Lab2_Audio_bsp/\libhal_bsp.a(alt_find_dev.o)
 .comment       0x0000000000000023       0x24 ../Lab2_Audio_bsp/\libhal_bsp.a(alt_icache_flush_all.o)
 .comment       0x0000000000000023       0x24 ../Lab2_Audio_bsp/\libhal_bsp.a(alt_io_redirect.o)
 .comment       0x0000000000000023       0x24 ../Lab2_Audio_bsp/\libhal_bsp.a(alt_irq_register.o)
 .comment       0x0000000000000023       0x24 ../Lab2_Audio_bsp/\libhal_bsp.a(alt_irq_vars.o)
 .comment       0x0000000000000023       0x24 ../Lab2_Audio_bsp/\libhal_bsp.a(alt_open.o)
 .comment       0x0000000000000023       0x24 ../Lab2_Audio_bsp/\libhal_bsp.a(alt_release_fd.o)
 .comment       0x0000000000000023       0x24 ../Lab2_Audio_bsp/\libhal_bsp.a(alt_tick.o)
 .comment       0x0000000000000023       0x24 ../Lab2_Audio_bsp/\libhal_bsp.a(alt_usleep.o)
 .comment       0x0000000000000023       0x24 ../Lab2_Audio_bsp/\libhal_bsp.a(altera_nios2_gen2_irq.o)
 .comment       0x0000000000000023       0x24 ../Lab2_Audio_bsp/\libhal_bsp.a(alt_busy_sleep.o)
 .comment       0x0000000000000023       0x24 ../Lab2_Audio_bsp/\libhal_bsp.a(alt_find_file.o)
 .comment       0x0000000000000023       0x24 ../Lab2_Audio_bsp/\libhal_bsp.a(alt_get_fd.o)
 .comment       0x0000000000000023       0x24 ../Lab2_Audio_bsp/\libhal_bsp.a(alt_icache_flush.o)
 .comment       0x0000000000000023       0x24 ../Lab2_Audio_bsp/\libhal_bsp.a(alt_irq_handler.o)
 .comment       0x0000000000000023       0x24 ../Lab2_Audio_bsp/\libhal_bsp.a(alt_instruction_exception_entry.o)
 .comment       0x0000000000000023       0x24 c:/software/altera/18.1/nios2eds/bin/gnu/h-x86_64-mingw32/bin/../lib/gcc/nios2-elf/5.3.0/../../../../../H-x86_64-mingw32/nios2-elf/lib\libc.a(lib_a-atexit.o)
 .comment       0x0000000000000023       0x24 c:/software/altera/18.1/nios2eds/bin/gnu/h-x86_64-mingw32/bin/../lib/gcc/nios2-elf/5.3.0/../../../../../H-x86_64-mingw32/nios2-elf/lib\libc.a(lib_a-ctype_.o)
 .comment       0x0000000000000023       0x24 c:/software/altera/18.1/nios2eds/bin/gnu/h-x86_64-mingw32/bin/../lib/gcc/nios2-elf/5.3.0/../../../../../H-x86_64-mingw32/nios2-elf/lib\libc.a(lib_a-exit.o)
 .comment       0x0000000000000023       0x24 c:/software/altera/18.1/nios2eds/bin/gnu/h-x86_64-mingw32/bin/../lib/gcc/nios2-elf/5.3.0/../../../../../H-x86_64-mingw32/nios2-elf/lib\libc.a(lib_a-impure.o)
 .comment       0x0000000000000023       0x24 c:/software/altera/18.1/nios2eds/bin/gnu/h-x86_64-mingw32/bin/../lib/gcc/nios2-elf/5.3.0/../../../../../H-x86_64-mingw32/nios2-elf/lib\libc.a(lib_a-int_errno.o)
 .comment       0x0000000000000023       0x24 c:/software/altera/18.1/nios2eds/bin/gnu/h-x86_64-mingw32/bin/../lib/gcc/nios2-elf/5.3.0/../../../../../H-x86_64-mingw32/nios2-elf/lib\libc.a(lib_a-memcmp.o)
 .comment       0x0000000000000023       0x24 c:/software/altera/18.1/nios2eds/bin/gnu/h-x86_64-mingw32/bin/../lib/gcc/nios2-elf/5.3.0/../../../../../H-x86_64-mingw32/nios2-elf/lib\libc.a(lib_a-memcpy.o)
 .comment       0x0000000000000023       0x24 c:/software/altera/18.1/nios2eds/bin/gnu/h-x86_64-mingw32/bin/../lib/gcc/nios2-elf/5.3.0/../../../../../H-x86_64-mingw32/nios2-elf/lib\libc.a(lib_a-memset.o)
 .comment       0x0000000000000023       0x24 c:/software/altera/18.1/nios2eds/bin/gnu/h-x86_64-mingw32/bin/../lib/gcc/nios2-elf/5.3.0/../../../../../H-x86_64-mingw32/nios2-elf/lib\libc.a(lib_a-putc.o)
 .comment       0x0000000000000023       0x24 c:/software/altera/18.1/nios2eds/bin/gnu/h-x86_64-mingw32/bin/../lib/gcc/nios2-elf/5.3.0/../../../../../H-x86_64-mingw32/nios2-elf/lib\libc.a(lib_a-strlen.o)
 .comment       0x0000000000000023       0x24 c:/software/altera/18.1/nios2eds/bin/gnu/h-x86_64-mingw32/bin/../lib/gcc/nios2-elf/5.3.0/../../../../../H-x86_64-mingw32/nios2-elf/lib\libc.a(lib_a-wbuf.o)
 .comment       0x0000000000000023       0x24 c:/software/altera/18.1/nios2eds/bin/gnu/h-x86_64-mingw32/bin/../lib/gcc/nios2-elf/5.3.0/../../../../../H-x86_64-mingw32/nios2-elf/lib\libc.a(lib_a-wsetup.o)
 .comment       0x0000000000000023       0x24 c:/software/altera/18.1/nios2eds/bin/gnu/h-x86_64-mingw32/bin/../lib/gcc/nios2-elf/5.3.0/../../../../../H-x86_64-mingw32/nios2-elf/lib\libc.a(lib_a-__atexit.o)
 .comment       0x0000000000000023       0x24 c:/software/altera/18.1/nios2eds/bin/gnu/h-x86_64-mingw32/bin/../lib/gcc/nios2-elf/5.3.0/../../../../../H-x86_64-mingw32/nios2-elf/lib\libc.a(lib_a-__call_atexit.o)
 .comment       0x0000000000000023       0x24 c:/software/altera/18.1/nios2eds/bin/gnu/h-x86_64-mingw32/bin/../lib/gcc/nios2-elf/5.3.0/../../../../../H-x86_64-mingw32/nios2-elf/lib\libc.a(lib_a-fflush.o)
 .comment       0x0000000000000023       0x24 c:/software/altera/18.1/nios2eds/bin/gnu/h-x86_64-mingw32/bin/../lib/gcc/nios2-elf/5.3.0/../../../../../H-x86_64-mingw32/nios2-elf/lib\libc.a(lib_a-findfp.o)
 .comment       0x0000000000000023       0x24 c:/software/altera/18.1/nios2eds/bin/gnu/h-x86_64-mingw32/bin/../lib/gcc/nios2-elf/5.3.0/../../../../../H-x86_64-mingw32/nios2-elf/lib\libc.a(lib_a-freer.o)
 .comment       0x0000000000000023       0x24 c:/software/altera/18.1/nios2eds/bin/gnu/h-x86_64-mingw32/bin/../lib/gcc/nios2-elf/5.3.0/../../../../../H-x86_64-mingw32/nios2-elf/lib\libc.a(lib_a-fwalk.o)
 .comment       0x0000000000000023       0x24 c:/software/altera/18.1/nios2eds/bin/gnu/h-x86_64-mingw32/bin/../lib/gcc/nios2-elf/5.3.0/../../../../../H-x86_64-mingw32/nios2-elf/lib\libc.a(lib_a-makebuf.o)
 .comment       0x0000000000000023       0x24 c:/software/altera/18.1/nios2eds/bin/gnu/h-x86_64-mingw32/bin/../lib/gcc/nios2-elf/5.3.0/../../../../../H-x86_64-mingw32/nios2-elf/lib\libc.a(lib_a-mallocr.o)
 .comment       0x0000000000000023       0x24 c:/software/altera/18.1/nios2eds/bin/gnu/h-x86_64-mingw32/bin/../lib/gcc/nios2-elf/5.3.0/../../../../../H-x86_64-mingw32/nios2-elf/lib\libc.a(lib_a-sbrkr.o)
 .comment       0x0000000000000023       0x24 c:/software/altera/18.1/nios2eds/bin/gnu/h-x86_64-mingw32/bin/../lib/gcc/nios2-elf/5.3.0/../../../../../H-x86_64-mingw32/nios2-elf/lib\libc.a(lib_a-stdio.o)
 .comment       0x0000000000000023       0x24 c:/software/altera/18.1/nios2eds/bin/gnu/h-x86_64-mingw32/bin/../lib/gcc/nios2-elf/5.3.0/../../../../../H-x86_64-mingw32/nios2-elf/lib\libc.a(lib_a-writer.o)
 .comment       0x0000000000000023       0x24 c:/software/altera/18.1/nios2eds/bin/gnu/h-x86_64-mingw32/bin/../lib/gcc/nios2-elf/5.3.0/../../../../../H-x86_64-mingw32/nios2-elf/lib\libc.a(closer.o)
 .comment       0x0000000000000023       0x24 c:/software/altera/18.1/nios2eds/bin/gnu/h-x86_64-mingw32/bin/../lib/gcc/nios2-elf/5.3.0/../../../../../H-x86_64-mingw32/nios2-elf/lib\libc.a(lib_a-fclose.o)
 .comment       0x0000000000000023       0x24 c:/software/altera/18.1/nios2eds/bin/gnu/h-x86_64-mingw32/bin/../lib/gcc/nios2-elf/5.3.0/../../../../../H-x86_64-mingw32/nios2-elf/lib\libc.a(lib_a-fstatr.o)
 .comment       0x0000000000000023       0x24 c:/software/altera/18.1/nios2eds/bin/gnu/h-x86_64-mingw32/bin/../lib/gcc/nios2-elf/5.3.0/../../../../../H-x86_64-mingw32/nios2-elf/lib\libc.a(lib_a-isattyr.o)
 .comment       0x0000000000000023       0x24 c:/software/altera/18.1/nios2eds/bin/gnu/h-x86_64-mingw32/bin/../lib/gcc/nios2-elf/5.3.0/../../../../../H-x86_64-mingw32/nios2-elf/lib\libc.a(lib_a-lseekr.o)
 .comment       0x0000000000000023       0x24 c:/software/altera/18.1/nios2eds/bin/gnu/h-x86_64-mingw32/bin/../lib/gcc/nios2-elf/5.3.0/../../../../../H-x86_64-mingw32/nios2-elf/lib\libc.a(lib_a-readr.o)
 .comment       0x0000000000000023       0x24 c:/software/altera/18.1/nios2eds/bin/gnu/h-x86_64-mingw32/bin/../lib/gcc/nios2-elf/5.3.0\libgcc.a(lib2-divmod.o)
 .comment       0x0000000000000023       0x24 ../Lab2_Audio_bsp/\libhal_bsp.a(alt_exit.o)
 .comment       0x0000000000000023       0x24 ../Lab2_Audio_bsp/\libhal_bsp.a(alt_fstat.o)
 .comment       0x0000000000000023       0x24 ../Lab2_Audio_bsp/\libhal_bsp.a(alt_isatty.o)
 .comment       0x0000000000000023       0x24 ../Lab2_Audio_bsp/\libhal_bsp.a(alt_lseek.o)
 .comment       0x0000000000000023       0x24 ../Lab2_Audio_bsp/\libhal_bsp.a(alt_malloc_lock.o)
 .comment       0x0000000000000023       0x24 ../Lab2_Audio_bsp/\libhal_bsp.a(alt_read.o)
 .comment       0x0000000000000023       0x24 ../Lab2_Audio_bsp/\libhal_bsp.a(alt_sbrk.o)
 .comment       0x0000000000000023       0x24 ../Lab2_Audio_bsp/\libhal_bsp.a(alt_write.o)

.debug
 *(.debug)

.line
 *(.line)

.debug_srcinfo
 *(.debug_srcinfo)

.debug_sfnames
 *(.debug_sfnames)

.debug_aranges  0x0000000000000000      0xaf0
 *(.debug_aranges)
 .debug_aranges
                0x0000000000000000       0x28 ../Lab2_Audio_bsp//obj/HAL/src/crt0.o
 .debug_aranges
                0x0000000000000028       0x20 obj/default/hello_world.o
 .debug_aranges
                0x0000000000000048       0x20 ../Lab2_Audio_bsp/\libhal_bsp.a(alt_load.o)
 .debug_aranges
                0x0000000000000068       0x20 ../Lab2_Audio_bsp/\libhal_bsp.a(alt_main.o)
 .debug_aranges
                0x0000000000000088       0x20 ../Lab2_Audio_bsp/\libhal_bsp.a(alt_printf.o)
 .debug_aranges
                0x00000000000000a8       0x20 ../Lab2_Audio_bsp/\libhal_bsp.a(alt_putchar.o)
 .debug_aranges
                0x00000000000000c8       0x20 ../Lab2_Audio_bsp/\libhal_bsp.a(alt_sys_init.o)
 .debug_aranges
                0x00000000000000e8       0x20 ../Lab2_Audio_bsp/\libhal_bsp.a(altera_avalon_jtag_uart_fd.o)
 .debug_aranges
                0x0000000000000108       0x20 ../Lab2_Audio_bsp/\libhal_bsp.a(altera_avalon_jtag_uart_read.o)
 .debug_aranges
                0x0000000000000128       0x20 ../Lab2_Audio_bsp/\libhal_bsp.a(altera_avalon_jtag_uart_write.o)
 .debug_aranges
                0x0000000000000148       0x20 ../Lab2_Audio_bsp/\libhal_bsp.a(altera_avalon_lcd_16207.o)
 .debug_aranges
                0x0000000000000168       0x20 ../Lab2_Audio_bsp/\libhal_bsp.a(altera_avalon_lcd_16207_fd.o)
 .debug_aranges
                0x0000000000000188       0x20 ../Lab2_Audio_bsp/\libhal_bsp.a(altera_avalon_timer_sc.o)
 .debug_aranges
                0x00000000000001a8       0x20 ../Lab2_Audio_bsp/\libhal_bsp.a(altera_avalon_uart_fd.o)
 .debug_aranges
                0x00000000000001c8       0x20 ../Lab2_Audio_bsp/\libhal_bsp.a(altera_avalon_uart_init.o)
 .debug_aranges
                0x00000000000001e8       0x20 ../Lab2_Audio_bsp/\libhal_bsp.a(altera_avalon_uart_read.o)
 .debug_aranges
                0x0000000000000208       0x20 ../Lab2_Audio_bsp/\libhal_bsp.a(altera_avalon_uart_write.o)
 .debug_aranges
                0x0000000000000228       0x20 ../Lab2_Audio_bsp/\libhal_bsp.a(altera_up_avalon_audio.o)
 .debug_aranges
                0x0000000000000248       0x20 ../Lab2_Audio_bsp/\libhal_bsp.a(alt_alarm_start.o)
 .debug_aranges
                0x0000000000000268       0x20 ../Lab2_Audio_bsp/\libhal_bsp.a(alt_close.o)
 .debug_aranges
                0x0000000000000288       0x20 ../Lab2_Audio_bsp/\libhal_bsp.a(alt_dcache_flush_all.o)
 .debug_aranges
                0x00000000000002a8       0x20 ../Lab2_Audio_bsp/\libhal_bsp.a(alt_dev.o)
 .debug_aranges
                0x00000000000002c8       0x20 ../Lab2_Audio_bsp/\libhal_bsp.a(alt_dev_llist_insert.o)
 .debug_aranges
                0x00000000000002e8       0x20 ../Lab2_Audio_bsp/\libhal_bsp.a(alt_do_ctors.o)
 .debug_aranges
                0x0000000000000308       0x20 ../Lab2_Audio_bsp/\libhal_bsp.a(alt_do_dtors.o)
 .debug_aranges
                0x0000000000000328       0x18 ../Lab2_Audio_bsp/\libhal_bsp.a(alt_errno.o)
 .debug_aranges
                0x0000000000000340       0x20 ../Lab2_Audio_bsp/\libhal_bsp.a(alt_find_dev.o)
 .debug_aranges
                0x0000000000000360       0x20 ../Lab2_Audio_bsp/\libhal_bsp.a(alt_icache_flush_all.o)
 .debug_aranges
                0x0000000000000380       0x20 ../Lab2_Audio_bsp/\libhal_bsp.a(alt_io_redirect.o)
 .debug_aranges
                0x00000000000003a0       0x20 ../Lab2_Audio_bsp/\libhal_bsp.a(alt_irq_register.o)
 .debug_aranges
                0x00000000000003c0       0x18 ../Lab2_Audio_bsp/\libhal_bsp.a(alt_irq_vars.o)
 .debug_aranges
                0x00000000000003d8       0x20 ../Lab2_Audio_bsp/\libhal_bsp.a(alt_open.o)
 .debug_aranges
                0x00000000000003f8       0x20 ../Lab2_Audio_bsp/\libhal_bsp.a(alt_release_fd.o)
 .debug_aranges
                0x0000000000000418       0x20 ../Lab2_Audio_bsp/\libhal_bsp.a(alt_tick.o)
 .debug_aranges
                0x0000000000000438       0x20 ../Lab2_Audio_bsp/\libhal_bsp.a(alt_usleep.o)
 .debug_aranges
                0x0000000000000458       0x20 ../Lab2_Audio_bsp/\libhal_bsp.a(altera_nios2_gen2_irq.o)
 .debug_aranges
                0x0000000000000478       0x20 ../Lab2_Audio_bsp/\libhal_bsp.a(alt_busy_sleep.o)
 .debug_aranges
                0x0000000000000498       0x20 ../Lab2_Audio_bsp/\libhal_bsp.a(alt_find_file.o)
 .debug_aranges
                0x00000000000004b8       0x20 ../Lab2_Audio_bsp/\libhal_bsp.a(alt_get_fd.o)
 .debug_aranges
                0x00000000000004d8       0x20 ../Lab2_Audio_bsp/\libhal_bsp.a(alt_icache_flush.o)
 .debug_aranges
                0x00000000000004f8       0x30 ../Lab2_Audio_bsp/\libhal_bsp.a(alt_irq_entry.o)
 .debug_aranges
                0x0000000000000528       0x20 ../Lab2_Audio_bsp/\libhal_bsp.a(alt_irq_handler.o)
 .debug_aranges
                0x0000000000000548       0x38 ../Lab2_Audio_bsp/\libhal_bsp.a(alt_exception_entry.o)
 .debug_aranges
                0x0000000000000580       0x28 ../Lab2_Audio_bsp/\libhal_bsp.a(alt_instruction_exception_entry.o)
 .debug_aranges
                0x00000000000005a8       0x20 c:/software/altera/18.1/nios2eds/bin/gnu/h-x86_64-mingw32/bin/../lib/gcc/nios2-elf/5.3.0/../../../../../H-x86_64-mingw32/nios2-elf/lib\libc.a(lib_a-atexit.o)
 .debug_aranges
                0x00000000000005c8       0x18 c:/software/altera/18.1/nios2eds/bin/gnu/h-x86_64-mingw32/bin/../lib/gcc/nios2-elf/5.3.0/../../../../../H-x86_64-mingw32/nios2-elf/lib\libc.a(lib_a-ctype_.o)
 .debug_aranges
                0x00000000000005e0       0x20 c:/software/altera/18.1/nios2eds/bin/gnu/h-x86_64-mingw32/bin/../lib/gcc/nios2-elf/5.3.0/../../../../../H-x86_64-mingw32/nios2-elf/lib\libc.a(lib_a-exit.o)
 .debug_aranges
                0x0000000000000600       0x18 c:/software/altera/18.1/nios2eds/bin/gnu/h-x86_64-mingw32/bin/../lib/gcc/nios2-elf/5.3.0/../../../../../H-x86_64-mingw32/nios2-elf/lib\libc.a(lib_a-impure.o)
 .debug_aranges
                0x0000000000000618       0x18 c:/software/altera/18.1/nios2eds/bin/gnu/h-x86_64-mingw32/bin/../lib/gcc/nios2-elf/5.3.0/../../../../../H-x86_64-mingw32/nios2-elf/lib\libc.a(lib_a-int_errno.o)
 .debug_aranges
                0x0000000000000630       0x20 c:/software/altera/18.1/nios2eds/bin/gnu/h-x86_64-mingw32/bin/../lib/gcc/nios2-elf/5.3.0/../../../../../H-x86_64-mingw32/nios2-elf/lib\libc.a(lib_a-memcmp.o)
 .debug_aranges
                0x0000000000000650       0x20 c:/software/altera/18.1/nios2eds/bin/gnu/h-x86_64-mingw32/bin/../lib/gcc/nios2-elf/5.3.0/../../../../../H-x86_64-mingw32/nios2-elf/lib\libc.a(lib_a-memcpy.o)
 .debug_aranges
                0x0000000000000670       0x20 c:/software/altera/18.1/nios2eds/bin/gnu/h-x86_64-mingw32/bin/../lib/gcc/nios2-elf/5.3.0/../../../../../H-x86_64-mingw32/nios2-elf/lib\libc.a(lib_a-memset.o)
 .debug_aranges
                0x0000000000000690       0x28 c:/software/altera/18.1/nios2eds/bin/gnu/h-x86_64-mingw32/bin/../lib/gcc/nios2-elf/5.3.0/../../../../../H-x86_64-mingw32/nios2-elf/lib\libc.a(lib_a-putc.o)
 .debug_aranges
                0x00000000000006b8       0x20 c:/software/altera/18.1/nios2eds/bin/gnu/h-x86_64-mingw32/bin/../lib/gcc/nios2-elf/5.3.0/../../../../../H-x86_64-mingw32/nios2-elf/lib\libc.a(lib_a-strlen.o)
 .debug_aranges
                0x00000000000006d8       0x28 c:/software/altera/18.1/nios2eds/bin/gnu/h-x86_64-mingw32/bin/../lib/gcc/nios2-elf/5.3.0/../../../../../H-x86_64-mingw32/nios2-elf/lib\libc.a(lib_a-wbuf.o)
 .debug_aranges
                0x0000000000000700       0x20 c:/software/altera/18.1/nios2eds/bin/gnu/h-x86_64-mingw32/bin/../lib/gcc/nios2-elf/5.3.0/../../../../../H-x86_64-mingw32/nios2-elf/lib\libc.a(lib_a-wsetup.o)
 .debug_aranges
                0x0000000000000720       0x20 c:/software/altera/18.1/nios2eds/bin/gnu/h-x86_64-mingw32/bin/../lib/gcc/nios2-elf/5.3.0/../../../../../H-x86_64-mingw32/nios2-elf/lib\libc.a(lib_a-__atexit.o)
 .debug_aranges
                0x0000000000000740       0x20 c:/software/altera/18.1/nios2eds/bin/gnu/h-x86_64-mingw32/bin/../lib/gcc/nios2-elf/5.3.0/../../../../../H-x86_64-mingw32/nios2-elf/lib\libc.a(lib_a-__call_atexit.o)
 .debug_aranges
                0x0000000000000760       0x30 c:/software/altera/18.1/nios2eds/bin/gnu/h-x86_64-mingw32/bin/../lib/gcc/nios2-elf/5.3.0/../../../../../H-x86_64-mingw32/nios2-elf/lib\libc.a(lib_a-fflush.o)
 .debug_aranges
                0x0000000000000790       0x68 c:/software/altera/18.1/nios2eds/bin/gnu/h-x86_64-mingw32/bin/../lib/gcc/nios2-elf/5.3.0/../../../../../H-x86_64-mingw32/nios2-elf/lib\libc.a(lib_a-findfp.o)
 .debug_aranges
                0x00000000000007f8       0x28 c:/software/altera/18.1/nios2eds/bin/gnu/h-x86_64-mingw32/bin/../lib/gcc/nios2-elf/5.3.0/../../../../../H-x86_64-mingw32/nios2-elf/lib\libc.a(lib_a-freer.o)
 .debug_aranges
                0x0000000000000820       0x28 c:/software/altera/18.1/nios2eds/bin/gnu/h-x86_64-mingw32/bin/../lib/gcc/nios2-elf/5.3.0/../../../../../H-x86_64-mingw32/nios2-elf/lib\libc.a(lib_a-fwalk.o)
 .debug_aranges
                0x0000000000000848       0x20 c:/software/altera/18.1/nios2eds/bin/gnu/h-x86_64-mingw32/bin/../lib/gcc/nios2-elf/5.3.0/../../../../../H-x86_64-mingw32/nios2-elf/lib\libc.a(lib_a-makebuf.o)
 .debug_aranges
                0x0000000000000868       0x20 c:/software/altera/18.1/nios2eds/bin/gnu/h-x86_64-mingw32/bin/../lib/gcc/nios2-elf/5.3.0/../../../../../H-x86_64-mingw32/nios2-elf/lib\libc.a(lib_a-mallocr.o)
 .debug_aranges
                0x0000000000000888       0x20 c:/software/altera/18.1/nios2eds/bin/gnu/h-x86_64-mingw32/bin/../lib/gcc/nios2-elf/5.3.0/../../../../../H-x86_64-mingw32/nios2-elf/lib\libc.a(lib_a-sbrkr.o)
 .debug_aranges
                0x00000000000008a8       0x40 c:/software/altera/18.1/nios2eds/bin/gnu/h-x86_64-mingw32/bin/../lib/gcc/nios2-elf/5.3.0/../../../../../H-x86_64-mingw32/nios2-elf/lib\libc.a(lib_a-stdio.o)
 .debug_aranges
                0x00000000000008e8       0x20 c:/software/altera/18.1/nios2eds/bin/gnu/h-x86_64-mingw32/bin/../lib/gcc/nios2-elf/5.3.0/../../../../../H-x86_64-mingw32/nios2-elf/lib\libc.a(lib_a-writer.o)
 .debug_aranges
                0x0000000000000908       0x20 c:/software/altera/18.1/nios2eds/bin/gnu/h-x86_64-mingw32/bin/../lib/gcc/nios2-elf/5.3.0/../../../../../H-x86_64-mingw32/nios2-elf/lib\libc.a(closer.o)
 .debug_aranges
                0x0000000000000928       0x28 c:/software/altera/18.1/nios2eds/bin/gnu/h-x86_64-mingw32/bin/../lib/gcc/nios2-elf/5.3.0/../../../../../H-x86_64-mingw32/nios2-elf/lib\libc.a(lib_a-fclose.o)
 .debug_aranges
                0x0000000000000950       0x20 c:/software/altera/18.1/nios2eds/bin/gnu/h-x86_64-mingw32/bin/../lib/gcc/nios2-elf/5.3.0/../../../../../H-x86_64-mingw32/nios2-elf/lib\libc.a(lib_a-fstatr.o)
 .debug_aranges
                0x0000000000000970       0x20 c:/software/altera/18.1/nios2eds/bin/gnu/h-x86_64-mingw32/bin/../lib/gcc/nios2-elf/5.3.0/../../../../../H-x86_64-mingw32/nios2-elf/lib\libc.a(lib_a-isattyr.o)
 .debug_aranges
                0x0000000000000990       0x20 c:/software/altera/18.1/nios2eds/bin/gnu/h-x86_64-mingw32/bin/../lib/gcc/nios2-elf/5.3.0/../../../../../H-x86_64-mingw32/nios2-elf/lib\libc.a(lib_a-lseekr.o)
 .debug_aranges
                0x00000000000009b0       0x20 c:/software/altera/18.1/nios2eds/bin/gnu/h-x86_64-mingw32/bin/../lib/gcc/nios2-elf/5.3.0/../../../../../H-x86_64-mingw32/nios2-elf/lib\libc.a(lib_a-readr.o)
 .debug_aranges
                0x00000000000009d0       0x20 c:/software/altera/18.1/nios2eds/bin/gnu/h-x86_64-mingw32/bin/../lib/gcc/nios2-elf/5.3.0\libgcc.a(lib2-divmod.o)
 .debug_aranges
                0x00000000000009f0       0x20 ../Lab2_Audio_bsp/\libhal_bsp.a(alt_exit.o)
 .debug_aranges
                0x0000000000000a10       0x20 ../Lab2_Audio_bsp/\libhal_bsp.a(alt_fstat.o)
 .debug_aranges
                0x0000000000000a30       0x20 ../Lab2_Audio_bsp/\libhal_bsp.a(alt_isatty.o)
 .debug_aranges
                0x0000000000000a50       0x20 ../Lab2_Audio_bsp/\libhal_bsp.a(alt_lseek.o)
 .debug_aranges
                0x0000000000000a70       0x20 ../Lab2_Audio_bsp/\libhal_bsp.a(alt_malloc_lock.o)
 .debug_aranges
                0x0000000000000a90       0x20 ../Lab2_Audio_bsp/\libhal_bsp.a(alt_read.o)
 .debug_aranges
                0x0000000000000ab0       0x20 ../Lab2_Audio_bsp/\libhal_bsp.a(alt_sbrk.o)
 .debug_aranges
                0x0000000000000ad0       0x20 ../Lab2_Audio_bsp/\libhal_bsp.a(alt_write.o)

.debug_pubnames
 *(.debug_pubnames)

.debug_info     0x0000000000000000    0x17a38
 *(.debug_info .gnu.linkonce.wi.*)
 .debug_info    0x0000000000000000       0x70 ../Lab2_Audio_bsp//obj/HAL/src/crt0.o
 .debug_info    0x0000000000000070      0x359 obj/default/hello_world.o
 .debug_info    0x00000000000003c9      0x145 ../Lab2_Audio_bsp/\libhal_bsp.a(alt_load.o)
 .debug_info    0x000000000000050e      0x157 ../Lab2_Audio_bsp/\libhal_bsp.a(alt_main.o)
 .debug_info    0x0000000000000665      0x119 ../Lab2_Audio_bsp/\libhal_bsp.a(alt_printf.o)
 .debug_info    0x000000000000077e      0x8a6 ../Lab2_Audio_bsp/\libhal_bsp.a(alt_putchar.o)
 .debug_info    0x0000000000001024      0x78a ../Lab2_Audio_bsp/\libhal_bsp.a(alt_sys_init.o)
 .debug_info    0x00000000000017ae      0x3a7 ../Lab2_Audio_bsp/\libhal_bsp.a(altera_avalon_jtag_uart_fd.o)
 .debug_info    0x0000000000001b55      0x1c8 ../Lab2_Audio_bsp/\libhal_bsp.a(altera_avalon_jtag_uart_read.o)
 .debug_info    0x0000000000001d1d      0x1ab ../Lab2_Audio_bsp/\libhal_bsp.a(altera_avalon_jtag_uart_write.o)
 .debug_info    0x0000000000001ec8      0x6d1 ../Lab2_Audio_bsp/\libhal_bsp.a(altera_avalon_lcd_16207.o)
 .debug_info    0x0000000000002599      0x4cc ../Lab2_Audio_bsp/\libhal_bsp.a(altera_avalon_lcd_16207_fd.o)
 .debug_info    0x0000000000002a65      0x249 ../Lab2_Audio_bsp/\libhal_bsp.a(altera_avalon_timer_sc.o)
 .debug_info    0x0000000000002cae      0x447 ../Lab2_Audio_bsp/\libhal_bsp.a(altera_avalon_uart_fd.o)
 .debug_info    0x00000000000030f5      0x356 ../Lab2_Audio_bsp/\libhal_bsp.a(altera_avalon_uart_init.o)
 .debug_info    0x000000000000344b      0x32f ../Lab2_Audio_bsp/\libhal_bsp.a(altera_avalon_uart_read.o)
 .debug_info    0x000000000000377a      0x334 ../Lab2_Audio_bsp/\libhal_bsp.a(altera_avalon_uart_write.o)